 Pugin2

 Timestamp is 5cd2b78f (Wed May  8 14:03:43 2019)

 Preferred load address is 10000000

 Start         Length     Name                   Class
 0001:00000000 00010000H .textbss                DATA
 0002:00000000 00004ed6H .text$mn                CODE
 0003:00000000 00000104H .CRT$XCA                DATA
 0003:00000104 00000104H .CRT$XCZ                DATA
 0003:00000208 00000104H .CRT$XIA                DATA
 0003:0000030c 00000104H .CRT$XIZ                DATA
 0003:00000410 00000104H .CRT$XPA                DATA
 0003:00000514 00000104H .CRT$XPZ                DATA
 0003:00000618 00000104H .CRT$XTA                DATA
 0003:0000071c 00000104H .CRT$XTZ                DATA
 0003:00000820 00000c2cH .rdata                  DATA
 0003:0000144c 0000016cH .rdata$zzzdbg           DATA
 0003:000015b8 00000104H .rtc$IAA                DATA
 0003:000016bc 0000010cH .rtc$IMZ                DATA
 0003:000017c8 00000104H .rtc$IZZ                DATA
 0003:000018cc 00000104H .rtc$TAA                DATA
 0003:000019d0 0000010cH .rtc$TMZ                DATA
 0003:00001adc 00000104H .rtc$TZZ                DATA
 0003:00001be0 000001c0H .xdata$x                DATA
 0003:00001da0 00000158H .edata                  DATA
 0004:00000000 00000138H .data                   DATA
 0004:00000138 0000045cH .bss                    DATA
 0005:00000000 0000016cH .idata$5                DATA
 0005:0000016c 0000003cH .idata$2                DATA
 0005:000001a8 00000014H .idata$3                DATA
 0005:000001bc 0000016cH .idata$4                DATA
 0005:00000328 00000571H .idata$6                DATA
 0006:00000000 00000127H .msvcjmc                DATA
 0007:00000000 00000104H .00cfg                  DATA
 0008:00000000 00000170H .rsrc$01                DATA
 0008:00000170 000002ccH .rsrc$02                DATA

  Address         Publics by Value              Rva+Base       Lib:Object

 0000:00000000       ___guard_longjmp_count     00000000     <absolute>
 0000:00000000       ___guard_fids_count        00000000     <absolute>
 0000:00000000       ___hybrid_code_map         00000000     <absolute>
 0000:00000000       ___guard_longjmp_table     00000000     <absolute>
 0000:00000000       ___hybrid_code_map_count   00000000     <absolute>
 0000:00000000       ___hybrid_auxiliary_iat    00000000     <absolute>
 0000:00000000       ___dynamic_value_reloc_table 00000000     <absolute>
 0000:00000000       ___volatile_metadata       00000000     <absolute>
 0000:00000000       ___guard_iat_count         00000000     <absolute>
 0000:00000000       ___safe_se_handler_count   00000000     <absolute>
 0000:00000000       ___guard_fids_table        00000000     <absolute>
 0000:00000000       ___guard_iat_table         00000000     <absolute>
 0000:00000000       ___enclave_config          00000000     <absolute>
 0000:00000000       ___safe_se_handler_table   00000000     <absolute>
 0000:00000100       ___guard_flags             00000100     <absolute>
 0000:00000000       ___ImageBase               10000000     <linker-defined>
 0001:00000000       __enc$textbss$begin        10001000     <linker-defined>
 0001:00010000       __enc$textbss$end          10011000     <linker-defined>
 0002:000005d0       _DllMain@12                100115d0 f   dllmain.obj
 0002:00000630       __JustMyCode_Default       10011630 f i dllmain.obj
 0002:00000640       _GetCopyright              10011640 f   Pugin2.obj
 0002:000006a0       @__CheckForDebuggerJustMyCode@4 100116a0 f   MSVCRTD:debugger_jmc.obj
 0002:000006f0       @_RTC_AllocaHelper@12      100116f0 f   MSVCRTD:stack.obj
 0002:00000730       @_RTC_CheckStackVars2@12   10011730 f   MSVCRTD:stack.obj
 0002:00000850       @_RTC_CheckStackVars@8     10011850 f   MSVCRTD:stack.obj
 0002:000008d0       __RTC_CheckEsp             100118d0 f   MSVCRTD:stack.obj
 0002:00000910       __CRT_RTC_INIT             10011910 f   MSVCRTD:init.obj
 0002:00000920       __CRT_RTC_INITW            10011920 f   MSVCRTD:init.obj
 0002:00000930       __RTC_InitBase             10011930 f   MSVCRTD:init.obj
 0002:00000970       __RTC_Shutdown             10011970 f   MSVCRTD:init.obj
 0002:00000f50       __CRT_INIT@12              10011f50 f   MSVCRTD:dll_dllmain.obj
 0002:00000f70       __DllMainCRTStartup@12     10011f70 f   MSVCRTD:dll_dllmain.obj
 0002:00001050       ?_RTC_AllocaFailure@@YAXPAXPAU_RTC_ALLOCA_NODE@@H@Z 10012050 f   MSVCRTD:error.obj
 0002:00001170       ?_RTC_Failure@@YAXPAXH@Z   10012170 f   MSVCRTD:error.obj
 0002:000011e0       ?_RTC_StackFailure@@YAXPAXPBD@Z 100121e0 f   MSVCRTD:error.obj
 0002:00001690       __RTC_UninitUse            10012690 f   MSVCRTD:error.obj
 0002:00001770       ___local_stdio_printf_options 10012770 f i MSVCRTD:error.obj
 0002:00001780       __vsprintf_s_l             10012780 f i MSVCRTD:error.obj
 0002:000017c0       _sprintf_s                 100127c0 f i MSVCRTD:error.obj
 0002:000017f0       ?_RTC_GetErrorFunc@@YAP6AHHPBDH00ZZPBX@Z 100127f0 f   MSVCRTD:userapi.obj
 0002:00001800       ?_RTC_GetErrorFuncW@@YAP6AHHPB_WH00ZZPBX@Z 10012800 f   MSVCRTD:userapi.obj
 0002:00001810       __RTC_GetErrDesc           10012810 f   MSVCRTD:userapi.obj
 0002:00001830       __RTC_NumErrors            10012830 f   MSVCRTD:userapi.obj
 0002:00001840       __RTC_SetErrorFunc         10012840 f   MSVCRTD:userapi.obj
 0002:00001870       __RTC_SetErrorFuncW        10012870 f   MSVCRTD:userapi.obj
 0002:000018a0       __RTC_SetErrorType         100128a0 f   MSVCRTD:userapi.obj
 0002:00001960       ___security_init_cookie    10012960 f   MSVCRTD:gs_support.obj
 0002:00001a00       ?__scrt_initialize_type_info@@YAXXZ 10012a00 f   MSVCRTD:tncleanup.obj
 0002:00001a20       ?__scrt_uninitialize_type_info@@YAXXZ 10012a20 f   MSVCRTD:tncleanup.obj
 0002:00001a40       ___local_stdio_scanf_options 10012a40 f i MSVCRTD:default_local_stdio_options.obj
 0002:00001a50       ___scrt_initialize_default_local_stdio_options 10012a50 f   MSVCRTD:default_local_stdio_options.obj
 0002:00001aa0       ??$__crt_fast_decode_pointer@PAP6AXXZ@@YAPAP6AXXZQAP6AXXZ@Z 10012aa0 f i MSVCRTD:utility.obj
 0002:00001ad0       ??$__crt_fast_encode_pointer@PAP6AXXZ@@YAPAP6AXXZQAP6AXXZ@Z 10012ad0 f i MSVCRTD:utility.obj
 0002:00001b10       ?__crt_rotate_pointer_value@@YAIIH@Z 10012b10 f i MSVCRTD:utility.obj
 0002:00001b20       ?configure_argv@__scrt_narrow_argv_policy@@SAHXZ 10012b20 f i MSVCRTD:utility.obj
 0002:00001bf0       ?initialize_environment@__scrt_narrow_environment_policy@@SAHXZ 10012bf0 f i MSVCRTD:utility.obj
 0002:00001c90       _NtCurrentTeb              10012c90 f i MSVCRTD:utility.obj
 0002:00001ca0       ___scrt_acquire_startup_lock 10012ca0 f   MSVCRTD:utility.obj
 0002:00001d00       ___scrt_dllmain_after_initialize_c 10012d00 f   MSVCRTD:utility.obj
 0002:00001d40       ___scrt_dllmain_before_initialize_c 10012d40 f   MSVCRTD:utility.obj
 0002:00001d70       ___scrt_dllmain_crt_thread_attach 10012d70 f   MSVCRTD:utility.obj
 0002:00001db0       ___scrt_dllmain_crt_thread_detach 10012db0 f   MSVCRTD:utility.obj
 0002:00001dd0       ___scrt_dllmain_exception_filter 10012dd0 f   MSVCRTD:utility.obj
 0002:00001e30       ___scrt_dllmain_uninitialize_c 10012e30 f   MSVCRTD:utility.obj
 0002:00001e70       ___scrt_dllmain_uninitialize_critical 10012e70 f   MSVCRTD:utility.obj
 0002:00001e90       ___scrt_initialize_crt     10012e90 f   MSVCRTD:utility.obj
 0002:00001ef0       ___scrt_initialize_onexit_tables 10012ef0 f   MSVCRTD:utility.obj
 0002:00002010       ___scrt_is_nonwritable_in_current_image 10013010 f   MSVCRTD:utility.obj
 0002:00002190       ___scrt_release_startup_lock 10013190 f   MSVCRTD:utility.obj
 0002:000021c0       ___scrt_uninitialize_crt   100131c0 f   MSVCRTD:utility.obj
 0002:00002210       __onexit                   10013210 f   MSVCRTD:utility.obj
 0002:000022a0       _at_quick_exit             100132a0 f   MSVCRTD:utility.obj
 0002:00002300       _atexit                    10013300 f   MSVCRTD:utility.obj
 0002:00002340       ___scrt_get_dyn_tls_init_callback 10013340 f   MSVCRTD:dyn_tls_init.obj
 0002:00002350       ___scrt_fastfail           10013350 f   MSVCRTD:utility_desktop.obj
 0002:000024e0       ___scrt_get_show_window_mode 100134e0 f   MSVCRTD:utility_desktop.obj
 0002:00002530       ___scrt_initialize_mta     10013530 f   MSVCRTD:utility_desktop.obj
 0002:00002540       ___scrt_initialize_winrt   10013540 f   MSVCRTD:utility_desktop.obj
 0002:00002550       ___scrt_is_managed_app     10013550 f   MSVCRTD:utility_desktop.obj
 0002:00002600       ___scrt_set_unhandled_exception_filter 10013600 f   MSVCRTD:utility_desktop.obj
 0002:00002620       ___scrt_exe_initialize_mta 10013620 f   MSVCRTD:utility_desktop.obj
 0002:00002620       ___scrt_stub_for_initialize_mta 10013620 f   MSVCRTD:utility_desktop.obj
 0002:00002630       ___scrt_unhandled_exception_filter@4 10013630 f   MSVCRTD:utility_desktop.obj
 0002:000026b0       __crt_debugger_hook        100136b0 f   MSVCRTD:utility_desktop.obj
 0002:000026d0       __RTC_Initialize           100136d0 f   MSVCRTD:initsect.obj
 0002:00002710       __RTC_Terminate            10013710 f   MSVCRTD:initsect.obj
 0002:00002750       __except_handler4          10013750 f   MSVCRTD:chandler4gs.obj
 0002:00002780       @_guard_check_icall_nop@4  10013780 f i MSVCRTD:guard_support.obj
 0002:00002790       _ReadNoFence               10013790 f i MSVCRTD:guard_support.obj
 0002:000027b0       _ReadPointerNoFence        100137b0 f i MSVCRTD:guard_support.obj
 0002:000027d0       __guard_icall_checks_enforced 100137d0 f i MSVCRTD:guard_support.obj
 0002:00002da0       ?_RTC_GetSrcLine@@YAHPAEPA_WKPAH1K@Z 10013da0 f   MSVCRTD:pdblkup.obj
 0002:00003210       @__security_check_cookie@4 10014210 f   MSVCRTD:secchk.obj
 0002:00003230       __except_handler4_noexcept 10014230 f   MSVCRTD:chandler4_noexcept.obj
 0002:00003290       ___isa_available_init      10014290 f   MSVCRTD:cpu_disp.obj
 0002:00003620       __get_startup_argv_mode    10014620 f   MSVCRTD:argv_mode.obj
 0002:00003630       ___scrt_is_ucrt_dll_in_use 10014630 f   MSVCRTD:ucrt_detection.obj
 0002:00003660       ___raise_securityfailure   10014660 f   MSVCRTD:gs_report.obj
 0002:000036a0       ___report_gsfailure        100146a0 f   MSVCRTD:gs_report.obj
 0002:000037f0       ___report_rangecheckfailure 100147f0 f   MSVCRTD:gs_report.obj
 0002:00003800       ___report_securityfailure  10014800 f   MSVCRTD:gs_report.obj
 0002:00003910       ___report_securityfailureEx 10014910 f   MSVCRTD:gs_report.obj
 0002:00003a7e       ___std_type_info_destroy_list 10014a7e f   vcruntimed:VCRUNTIME140D.dll
 0002:00003a84       _memset                    10014a84 f   vcruntimed:VCRUNTIME140D.dll
 0002:00003a8a       __except_handler4_common   10014a8a f   vcruntimed:VCRUNTIME140D.dll
 0002:00003a90       ___vcrt_GetModuleFileNameW 10014a90 f   vcruntimed:VCRUNTIME140D.dll
 0002:00003a96       ___vcrt_GetModuleHandleW   10014a96 f   vcruntimed:VCRUNTIME140D.dll
 0002:00003a9c       ___vcrt_LoadLibraryExW     10014a9c f   vcruntimed:VCRUNTIME140D.dll
 0002:00003aa2       __CrtDbgReport             10014aa2 f   ucrtd:ucrtbased.dll
 0002:00003aa8       __CrtDbgReportW            10014aa8 f   ucrtd:ucrtbased.dll
 0002:00003aae       __initterm                 10014aae f   ucrtd:ucrtbased.dll
 0002:00003ab4       __initterm_e               10014ab4 f   ucrtd:ucrtbased.dll
 0002:00003aba       _strcpy_s                  10014aba f   ucrtd:ucrtbased.dll
 0002:00003ac0       _strcat_s                  10014ac0 f   ucrtd:ucrtbased.dll
 0002:00003ac6       ___stdio_common_vsprintf_s 10014ac6 f   ucrtd:ucrtbased.dll
 0002:00003acc       __seh_filter_dll           10014acc f   ucrtd:ucrtbased.dll
 0002:00003ad2       __configure_narrow_argv    10014ad2 f   ucrtd:ucrtbased.dll
 0002:00003ad8       __initialize_narrow_environment 10014ad8 f   ucrtd:ucrtbased.dll
 0002:00003ade       __initialize_onexit_table  10014ade f   ucrtd:ucrtbased.dll
 0002:00003ae4       __register_onexit_function 10014ae4 f   ucrtd:ucrtbased.dll
 0002:00003aea       __execute_onexit_table     10014aea f   ucrtd:ucrtbased.dll
 0002:00003af0       __crt_atexit               10014af0 f   ucrtd:ucrtbased.dll
 0002:00003af6       __crt_at_quick_exit        10014af6 f   ucrtd:ucrtbased.dll
 0002:00003afc       __cexit                    10014afc f   ucrtd:ucrtbased.dll
 0002:00003b02       _terminate                 10014b02 f   ucrtd:ucrtbased.dll
 0002:00003b08       __wmakepath_s              10014b08 f   ucrtd:ucrtbased.dll
 0002:00003b0e       __wsplitpath_s             10014b0e f   ucrtd:ucrtbased.dll
 0002:00003b14       _wcscpy_s                  10014b14 f   ucrtd:ucrtbased.dll
 0002:00003b1a       _GetCurrentThreadId@0      10014b1a f   kernel32:KERNEL32.dll
 0002:00003b20       _IsDebuggerPresent@0       10014b20 f   kernel32:KERNEL32.dll
 0002:00003b26       _RaiseException@16         10014b26 f   kernel32:KERNEL32.dll
 0002:00003b2c       _MultiByteToWideChar@24    10014b2c f   kernel32:KERNEL32.dll
 0002:00003b32       _WideCharToMultiByte@32    10014b32 f   kernel32:KERNEL32.dll
 0002:00003b38       _QueryPerformanceCounter@4 10014b38 f   kernel32:KERNEL32.dll
 0002:00003b3e       _GetCurrentProcessId@0     10014b3e f   kernel32:KERNEL32.dll
 0002:00003b44       _GetSystemTimeAsFileTime@4 10014b44 f   kernel32:KERNEL32.dll
 0002:00003b4a       _InitializeSListHead@4     10014b4a f   kernel32:KERNEL32.dll
 0002:00003b50       _UnhandledExceptionFilter@4 10014b50 f   kernel32:KERNEL32.dll
 0002:00003b56       _SetUnhandledExceptionFilter@4 10014b56 f   kernel32:KERNEL32.dll
 0002:00003b5c       _GetStartupInfoW@4         10014b5c f   kernel32:KERNEL32.dll
 0002:00003b62       _IsProcessorFeaturePresent@4 10014b62 f   kernel32:KERNEL32.dll
 0002:00003b68       _GetModuleHandleW@4        10014b68 f   kernel32:KERNEL32.dll
 0002:00003b6e       _GetLastError@0            10014b6e f   kernel32:KERNEL32.dll
 0002:00003b74       _HeapAlloc@12              10014b74 f   kernel32:KERNEL32.dll
 0002:00003b7a       _HeapFree@12               10014b7a f   kernel32:KERNEL32.dll
 0002:00003b80       _GetProcessHeap@0          10014b80 f   kernel32:KERNEL32.dll
 0002:00003b86       _VirtualQuery@12           10014b86 f   kernel32:KERNEL32.dll
 0002:00003b8c       _FreeLibrary@4             10014b8c f   kernel32:KERNEL32.dll
 0002:00003b92       _GetProcAddress@8          10014b92 f   kernel32:KERNEL32.dll
 0002:00003b98       _GetCurrentProcess@0       10014b98 f   kernel32:KERNEL32.dll
 0002:00003b9e       _TerminateProcess@8        10014b9e f   kernel32:KERNEL32.dll
 0002:00003bb0       ___scrt_stub_for_acrt_initialize 10014bb0 f   MSVCRTD:ucrt_stubs.obj
 0002:00003bb0       ___acrt_initialize         10014bb0 f   MSVCRTD:ucrt_stubs.obj
 0002:00003bb0       ___vcrt_initialize         10014bb0 f   MSVCRTD:ucrt_stubs.obj
 0002:00003bc0       ___vcrt_thread_attach      10014bc0 f   MSVCRTD:ucrt_stubs.obj
 0002:00003bc0       ___scrt_stub_for_acrt_thread_attach 10014bc0 f   MSVCRTD:ucrt_stubs.obj
 0002:00003bc0       ___acrt_thread_attach      10014bc0 f   MSVCRTD:ucrt_stubs.obj
 0002:00003bd0       ___scrt_stub_for_acrt_thread_detach 10014bd0 f   MSVCRTD:ucrt_stubs.obj
 0002:00003bd0       ___acrt_thread_detach      10014bd0 f   MSVCRTD:ucrt_stubs.obj
 0002:00003bd0       ___vcrt_thread_detach      10014bd0 f   MSVCRTD:ucrt_stubs.obj
 0002:00003be0       ___acrt_uninitialize       10014be0 f   MSVCRTD:ucrt_stubs.obj
 0002:00003be0       ___scrt_stub_for_acrt_uninitialize 10014be0 f   MSVCRTD:ucrt_stubs.obj
 0002:00003be0       ___vcrt_uninitialize       10014be0 f   MSVCRTD:ucrt_stubs.obj
 0002:00003bf0       ___acrt_uninitialize_critical 10014bf0 f   MSVCRTD:ucrt_stubs.obj
 0002:00003bf0       ___scrt_stub_for_acrt_uninitialize_critical 10014bf0 f   MSVCRTD:ucrt_stubs.obj
 0002:00003bf0       ___vcrt_uninitialize_critical 10014bf0 f   MSVCRTD:ucrt_stubs.obj
 0002:00003c00       ___scrt_stub_for_is_c_termination_complete 10014c00 f   MSVCRTD:ucrt_stubs.obj
 0002:00003c00       __is_c_termination_complete 10014c00 f   MSVCRTD:ucrt_stubs.obj
 0003:00000000       ___xc_a                    10016000     MSVCRTD:initializers.obj
 0003:00000104       ___xc_z                    10016104     MSVCRTD:initializers.obj
 0003:00000208       ___xi_a                    10016208     MSVCRTD:initializers.obj
 0003:0000030c       ___xi_z                    1001630c     MSVCRTD:initializers.obj
 0003:00000410       ___xp_a                    10016410     MSVCRTD:initializers.obj
 0003:00000514       ___xp_z                    10016514     MSVCRTD:initializers.obj
 0003:00000618       ___xt_a                    10016618     MSVCRTD:initializers.obj
 0003:0000071c       ___xt_z                    1001671c     MSVCRTD:initializers.obj
 0003:00000820       ??_C@_0DK@GCEOHGKN@Plugin?52?5?$HL00000000?90000?90000?902@ 10016820     Pugin2.obj
 0003:00000868       __pRawDllMain              10016868     MSVCRTD:dll_dllmain.obj
 0003:00000868       __pDefaultRawDllMain       10016868     MSVCRTD:dll_dllmain.obj
 0003:00000928       ??_C@_0NN@NGPKDKPD@The?5value?5of?5ESP?5was?5not?5proper@ 10016928     MSVCRTD:error.obj
 0003:00000a38       ??_C@_0BBN@GPMLNJCF@A?5cast?5to?5a?5smaller?5data?5type?5h@ 10016a38     MSVCRTD:error.obj
 0003:00000b90       ??_C@_0BN@FFOINMNJ@Stack?5memory?5was?5corrupted?6?$AN@ 10016b90     MSVCRTD:error.obj
 0003:00000bb4       ??_C@_0DG@HKJMLLLP@A?5local?5variable?5was?5used?5befor@ 10016bb4     MSVCRTD:error.obj
 0003:00000bf4       ??_C@_0CM@NGINOKPC@Stack?5memory?5around?5_alloca?5was@ 10016bf4     MSVCRTD:error.obj
 0003:00000c28       ??_C@_0BO@GNIAFIKK@Unknown?5Runtime?5Check?5Error?6?$AN@ 10016c28     MSVCRTD:error.obj
 0003:00000c50       ??_C@_1GM@OLMCBDMB@?$AAR?$AAu?$AAn?$AAt?$AAi?$AAm?$AAe?$AA?5?$AAC?$AAh?$AAe?$AAc?$AAk?$AA?5?$AAE@ 10016c50     MSVCRTD:error.obj
 0003:00000cd8       ??_C@_1EA@NFKNIFJP@?$AAR?$AAu?$AAn?$AA?9?$AAT?$AAi?$AAm?$AAe?$AA?5?$AAC?$AAh?$AAe?$AAc?$AAk?$AA?5@ 10016cd8     MSVCRTD:error.obj
 0003:00000d24       ??_C@_0BB@PFFGGCJP@Unknown?5Filename@ 10016d24     MSVCRTD:error.obj
 0003:00000d38       ??_C@_0BE@GNBOBNCK@Unknown?5Module?5Name@ 10016d38     MSVCRTD:error.obj
 0003:00000d50       ??_C@_0CA@IODNCDPG@Run?9Time?5Check?5Failure?5?$CD?$CFd?5?9?5?$CFs@ 10016d50     MSVCRTD:error.obj
 0003:00000d78       ??_C@_0CG@IAFNJNEE@Stack?5corrupted?5near?5unknown?5va@ 10016d78     MSVCRTD:error.obj
 0003:00000da8       ??_C@_05MKKEDADM@?$CF?42X?5@ 10016da8     MSVCRTD:error.obj
 0003:00000db0       ??_C@_0EJ@LJKNEOLN@Stack?5area?5around?5_alloca?5memor@ 10016db0     MSVCRTD:error.obj
 0003:00000e08       ??_C@_01EEMJAFIK@?6@       10016e08     MSVCRTD:error.obj
 0003:00000e0c       ??_C@_02LLMPMKNF@?$DO?5@   10016e0c     MSVCRTD:error.obj
 0003:00000e10       ??_C@_08OMAHNMHJ@?6Data?3?5?$DM@ 10016e10     MSVCRTD:error.obj
 0003:00000e1c       ??_C@_0CK@DKGBICFE@?6Allocation?5number?5within?5this?5@ 10016e1c     MSVCRTD:error.obj
 0003:00000e50       ??_C@_07DFDJCKFN@?6Size?3?5@ 10016e50     MSVCRTD:error.obj
 0003:00000e5c       ??_C@_0N@MHFFIMFG@?6Address?3?50x@ 10016e5c     MSVCRTD:error.obj
 0003:00000e70       ??_C@_0EI@CLEPFNGI@Stack?5area?5around?5_alloca?5memor@ 10016e70     MSVCRTD:error.obj
 0003:00000ec8       ??_C@_0BK@ODNDAGKB@?$CFs?$CFs?$CFp?$CFs?$CFzd?$CFs?$CFd?$CFs?$CFs?$CFs?$CFs?$CFs@ 10016ec8     MSVCRTD:error.obj
 0003:00000ee8       ??_C@_0DE@OHJBPMBP@A?5variable?5is?5being?5used?5withou@ 10016ee8     MSVCRTD:error.obj
 0003:00000f40       ??_C@_0BJ@HEGAHDFO@Stack?5pointer?5corruption@ 10016f40     MSVCRTD:userapi.obj
 0003:00000f60       ??_C@_0CK@FEGOIOPB@Cast?5to?5smaller?5type?5causing?5lo@ 10016f60     MSVCRTD:userapi.obj
 0003:00000f94       ??_C@_0BI@CIGMDCBH@Stack?5memory?5corruption@ 10016f94     MSVCRTD:userapi.obj
 0003:00000fb0       ??_C@_0CK@CNLNOEPB@Local?5variable?5used?5before?5init@ 10016fb0     MSVCRTD:userapi.obj
 0003:00000fe4       ??_C@_0BP@OGBCLIBO@Stack?5around?5_alloca?5corrupted@ 10016fe4     MSVCRTD:userapi.obj
 0003:00001068       ??_C@_1EI@MLPKHBGE@?$AAa?$AAp?$AAi?$AA?9?$AAm?$AAs?$AA?9?$AAw?$AAi?$AAn?$AA?9?$AAc?$AAo?$AAr?$AAe@ 10017068     MSVCRTD:pdblkup.obj
 0003:000010c0       ??_C@_1BK@JHLNAEJL@?$AAa?$AAd?$AAv?$AAa?$AAp?$AAi?$AA3?$AA2?$AA?4?$AAd?$AAl?$AAl@ 100170c0     MSVCRTD:pdblkup.obj
 0003:000010e0       ??_C@_0O@COHOBMLB@RegOpenKeyExW@ 100170e0     MSVCRTD:pdblkup.obj
 0003:000010f0       ??_C@_0BB@GLNAEDBD@RegQueryValueExW@ 100170f0     MSVCRTD:pdblkup.obj
 0003:00001104       ??_C@_0M@HLOHPNFA@RegCloseKey@ 10017104     MSVCRTD:pdblkup.obj
 0003:00001118       ??_C@_1HE@EBEAGLFB@?$AAS?$AAO?$AAF?$AAT?$AAW?$AAA?$AAR?$AAE?$AA?2?$AAW?$AAo?$AAw?$AA6?$AA4?$AA3@ 10017118     MSVCRTD:pdblkup.obj
 0003:000011a4       ??_C@_1BG@EABPBLLF@?$AAP?$AAr?$AAo?$AAd?$AAu?$AAc?$AAt?$AAD?$AAi?$AAr@ 100171a4     MSVCRTD:pdblkup.obj
 0003:000011e4       ??_C@_1BC@JINFINNJ@?$AAM?$AAS?$AAP?$AAD?$AAB?$AA1?$AA4?$AA0@ 100171e4     MSVCRTD:pdblkup.obj
 0003:000011fc       ??_C@_0BB@KCIACLNC@PDBOpenValidate5@ 100171fc     MSVCRTD:pdblkup.obj
 0003:00001210       ??_C@_01KDCPPGHE@r@        10017210     MSVCRTD:pdblkup.obj
 0003:00001258       __load_config_used         10017258     MSVCRTD:loadcfg.obj
 0003:000015b8       ___rtc_iaa                 100175b8     MSVCRTD:initsect.obj
 0003:000017c8       ___rtc_izz                 100177c8     MSVCRTD:initsect.obj
 0003:000018cc       ___rtc_taa                 100178cc     MSVCRTD:initsect.obj
 0003:00001adc       ___rtc_tzz                 10017adc     MSVCRTD:initsect.obj
 0004:00000000       ?_RTC_ErrorLevels@@3PAHA   10018000     MSVCRTD:error.obj
 0004:00000018       ___scrt_native_dllmain_reason 10018018     MSVCRTD:utility.obj
 0004:0000001c       ___security_cookie_complement 1001801c     MSVCRTD:gs_cookie.obj
 0004:00000020       ___security_cookie         10018020     MSVCRTD:gs_cookie.obj
 0004:00000028       ___isa_enabled             10018028     MSVCRTD:cpu_disp.obj
 0004:0000002c       ___scrt_ucrt_dll_is_in_use 1001802c     MSVCRTD:ucrt_stubs.obj
 0004:00000138       ___@@_PchSym_@00@UfhvihUvpzgvirmzUozyDUkftrmCUwvyftUhgwzucOlyq@4B2008FD98C1DD4 10018138     stdafx.obj
 0004:00000148       ?_OptionsStorage@?1??__local_stdio_printf_options@@9@4_KA 10018148     MSVCRTD:error.obj
 0004:00000160       ?__type_info_root_node@@3U__type_info_node@@A 10018160     MSVCRTD:tncleanup.obj
 0004:00000170       ?_OptionsStorage@?1??__local_stdio_scanf_options@@9@4_KA 10018170     MSVCRTD:default_local_stdio_options.obj
 0004:0000017c       ___scrt_current_native_startup_state 1001817c     MSVCRTD:utility.obj
 0004:00000180       ___scrt_native_startup_lock 10018180     MSVCRTD:utility.obj
 0004:000001a8       ___scrt_debugger_hook_flag 100181a8     MSVCRTD:utility_desktop.obj
 0004:000001b4       ___isa_available           100181b4     MSVCRTD:cpu_disp.obj
 0004:000001b8       ___favor                   100181b8     MSVCRTD:cpu_disp.obj
 0004:0000057c       ___dyn_tls_init_callback   1001857c     <common>
 0004:00000588       ___DebuggerCurrentSteppingThreadId 10018588     <common>
 0005:00000000       __imp__GetModuleHandleW@4  10019000     kernel32:KERNEL32.dll
 0005:00000004       __imp__GetCurrentThreadId@0 10019004     kernel32:KERNEL32.dll
 0005:00000008       __imp__RaiseException@16   10019008     kernel32:KERNEL32.dll
 0005:0000000c       __imp__MultiByteToWideChar@24 1001900c     kernel32:KERNEL32.dll
 0005:00000010       __imp__WideCharToMultiByte@32 10019010     kernel32:KERNEL32.dll
 0005:00000014       __imp__QueryPerformanceCounter@4 10019014     kernel32:KERNEL32.dll
 0005:00000018       __imp__TerminateProcess@8  10019018     kernel32:KERNEL32.dll
 0005:0000001c       __imp__GetCurrentProcess@0 1001901c     kernel32:KERNEL32.dll
 0005:00000020       __imp__GetProcAddress@8    10019020     kernel32:KERNEL32.dll
 0005:00000024       __imp__FreeLibrary@4       10019024     kernel32:KERNEL32.dll
 0005:00000028       __imp__VirtualQuery@12     10019028     kernel32:KERNEL32.dll
 0005:0000002c       __imp__GetProcessHeap@0    1001902c     kernel32:KERNEL32.dll
 0005:00000030       __imp__HeapFree@12         10019030     kernel32:KERNEL32.dll
 0005:00000034       __imp__HeapAlloc@12        10019034     kernel32:KERNEL32.dll
 0005:00000038       __imp__GetLastError@0      10019038     kernel32:KERNEL32.dll
 0005:0000003c       __imp__IsDebuggerPresent@0 1001903c     kernel32:KERNEL32.dll
 0005:00000040       __imp__IsProcessorFeaturePresent@4 10019040     kernel32:KERNEL32.dll
 0005:00000044       __imp__GetStartupInfoW@4   10019044     kernel32:KERNEL32.dll
 0005:00000048       __imp__SetUnhandledExceptionFilter@4 10019048     kernel32:KERNEL32.dll
 0005:0000004c       __imp__UnhandledExceptionFilter@4 1001904c     kernel32:KERNEL32.dll
 0005:00000050       __imp__InitializeSListHead@4 10019050     kernel32:KERNEL32.dll
 0005:00000054       __imp__GetSystemTimeAsFileTime@4 10019054     kernel32:KERNEL32.dll
 0005:00000058       __imp__GetCurrentProcessId@0 10019058     kernel32:KERNEL32.dll
 0005:0000005c       \177KERNEL32_NULL_THUNK_DATA 1001905c     kernel32:KERNEL32.dll
 0005:00000098       __imp____vcrt_GetModuleFileNameW 10019098     vcruntimed:VCRUNTIME140D.dll
 0005:0000009c       __imp____std_type_info_destroy_list 1001909c     vcruntimed:VCRUNTIME140D.dll
 0005:000000a0       __imp___except_handler4_common 100190a0     vcruntimed:VCRUNTIME140D.dll
 0005:000000a4       __imp__memset              100190a4     vcruntimed:VCRUNTIME140D.dll
 0005:000000a8       __imp____vcrt_GetModuleHandleW 100190a8     vcruntimed:VCRUNTIME140D.dll
 0005:000000ac       __imp____vcrt_LoadLibraryExW 100190ac     vcruntimed:VCRUNTIME140D.dll
 0005:000000b0       \177VCRUNTIME140D_NULL_THUNK_DATA 100190b0     vcruntimed:VCRUNTIME140D.dll
 0005:000000e0       __imp___wsplitpath_s       100190e0     ucrtd:ucrtbased.dll
 0005:000000e4       __imp___wmakepath_s        100190e4     ucrtd:ucrtbased.dll
 0005:000000e8       __imp__terminate           100190e8     ucrtd:ucrtbased.dll
 0005:000000ec       __imp___cexit              100190ec     ucrtd:ucrtbased.dll
 0005:000000f0       __imp___crt_at_quick_exit  100190f0     ucrtd:ucrtbased.dll
 0005:000000f4       __imp___crt_atexit         100190f4     ucrtd:ucrtbased.dll
 0005:000000f8       __imp___execute_onexit_table 100190f8     ucrtd:ucrtbased.dll
 0005:000000fc       __imp___register_onexit_function 100190fc     ucrtd:ucrtbased.dll
 0005:00000100       __imp___initialize_onexit_table 10019100     ucrtd:ucrtbased.dll
 0005:00000104       __imp___initialize_narrow_environment 10019104     ucrtd:ucrtbased.dll
 0005:00000108       __imp__wcscpy_s            10019108     ucrtd:ucrtbased.dll
 0005:0000010c       __imp___seh_filter_dll     1001910c     ucrtd:ucrtbased.dll
 0005:00000110       __imp____stdio_common_vsprintf_s 10019110     ucrtd:ucrtbased.dll
 0005:00000114       __imp__strcat_s            10019114     ucrtd:ucrtbased.dll
 0005:00000118       __imp__strcpy_s            10019118     ucrtd:ucrtbased.dll
 0005:0000011c       __imp___initterm_e         1001911c     ucrtd:ucrtbased.dll
 0005:00000120       __imp___initterm           10019120     ucrtd:ucrtbased.dll
 0005:00000124       __imp___CrtDbgReportW      10019124     ucrtd:ucrtbased.dll
 0005:00000128       __imp___CrtDbgReport       10019128     ucrtd:ucrtbased.dll
 0005:0000012c       __imp___configure_narrow_argv 1001912c     ucrtd:ucrtbased.dll
 0005:00000130       \177ucrtbased_NULL_THUNK_DATA 10019130     ucrtd:ucrtbased.dll
 0005:0000016c       __IMPORT_DESCRIPTOR_VCRUNTIME140D 1001916c     vcruntimed:VCRUNTIME140D.dll
 0005:00000180       __IMPORT_DESCRIPTOR_ucrtbased 10019180     ucrtd:ucrtbased.dll
 0005:00000194       __IMPORT_DESCRIPTOR_KERNEL32 10019194     kernel32:KERNEL32.dll
 0005:000001a8       __NULL_IMPORT_DESCRIPTOR   100191a8     vcruntimed:VCRUNTIME140D.dll
 0007:00000000       ___guard_check_icall_fptr  1001b000     MSVCRTD:guard_support.obj

 entry point at        0002:000001a9

 Static symbols

 0000:fffe6000       __guard_fids____scrt_set_unhandled_exception_filter 10000000     MSVCRTD:utility_desktop.obj
 0000:fffe6000       __guard_fids___CRT_RTC_INIT 10000000     MSVCRTD:init.obj
 0000:fffe6000       __guard_fids___CRT_RTC_INITW 10000000     MSVCRTD:init.obj
 0000:fffe6000       __guard_fids_?dllmain_dispatch@@YAHQAUHINSTANCE__@@KQAX@Z 10000000     MSVCRTD:dll_dllmain.obj
 0000:fffe6000       __guard_fids___except_handler4 10000000     MSVCRTD:chandler4gs.obj
 0000:fffe6000       __guard_fids__             10000000     MSVCRTD:guard_support.obj
 0000:fffe2000       .debug$S                   10000000     Pugin2.exp
 0000:fffe6000       __guard_fids___guard_icall_checks_enforced 10000000     MSVCRTD:guard_support.obj
 0000:fffe2000       .debug$S                   10000000     vcruntimed:VCRUNTIME140D.dll
 0000:fffe2000       .debug$S                   10000000     kernel32:KERNEL32.dll
 0000:fffe2000       .debug$S                   10000000     kernel32:KERNEL32.dll
 0000:fffe2000       .debug$S                   10000000     kernel32:KERNEL32.dll
 0000:fffe2000       .debug$S                   10000000     kernel32:KERNEL32.dll
 0000:fffe2000       .debug$S                   10000000     kernel32:KERNEL32.dll
 0000:fffe2000       .debug$S                   10000000     kernel32:KERNEL32.dll
 0000:fffe2000       .debug$S                   10000000     kernel32:KERNEL32.dll
 0000:fffe2000       .debug$S                   10000000     kernel32:KERNEL32.dll
 0000:fffe2000       .debug$S                   10000000     kernel32:KERNEL32.dll
 0000:fffe2000       .debug$S                   10000000     kernel32:KERNEL32.dll
 0000:fffe2000       .debug$S                   10000000     kernel32:KERNEL32.dll
 0000:fffe2000       .debug$S                   10000000     kernel32:KERNEL32.dll
 0000:fffe2000       .debug$S                   10000000     kernel32:KERNEL32.dll
 0000:fffe2000       .debug$S                   10000000     kernel32:KERNEL32.dll
 0000:fffe2000       .debug$S                   10000000     kernel32:KERNEL32.dll
 0000:fffe2000       .debug$S                   10000000     kernel32:KERNEL32.dll
 0000:fffe2000       .debug$S                   10000000     kernel32:KERNEL32.dll
 0000:fffe2000       .debug$S                   10000000     kernel32:KERNEL32.dll
 0000:fffe2000       .debug$S                   10000000     kernel32:KERNEL32.dll
 0000:fffe2000       .debug$S                   10000000     kernel32:KERNEL32.dll
 0000:fffe2000       .debug$S                   10000000     kernel32:KERNEL32.dll
 0000:fffe2000       .debug$S                   10000000     kernel32:KERNEL32.dll
 0000:fffe2000       .debug$S                   10000000     kernel32:KERNEL32.dll
 0000:fffe2000       .debug$S                   10000000     vcruntimed:VCRUNTIME140D.dll
 0000:fffe2000       .debug$S                   10000000     ucrtd:ucrtbased.dll
 0000:fffe2000       .debug$S                   10000000     ucrtd:ucrtbased.dll
 0000:fffe2000       .debug$S                   10000000     ucrtd:ucrtbased.dll
 0000:fffe2000       .debug$S                   10000000     ucrtd:ucrtbased.dll
 0000:fffe2000       .debug$S                   10000000     ucrtd:ucrtbased.dll
 0000:fffe2000       .debug$S                   10000000     ucrtd:ucrtbased.dll
 0000:fffe2000       .debug$S                   10000000     ucrtd:ucrtbased.dll
 0000:fffe2000       .debug$S                   10000000     ucrtd:ucrtbased.dll
 0000:fffe2000       .debug$S                   10000000     ucrtd:ucrtbased.dll
 0000:fffe2000       .debug$S                   10000000     ucrtd:ucrtbased.dll
 0000:fffe2000       .debug$S                   10000000     ucrtd:ucrtbased.dll
 0000:fffe2000       .debug$S                   10000000     ucrtd:ucrtbased.dll
 0000:fffe2000       .debug$S                   10000000     ucrtd:ucrtbased.dll
 0000:fffe2000       .debug$S                   10000000     ucrtd:ucrtbased.dll
 0000:fffe2000       .debug$S                   10000000     ucrtd:ucrtbased.dll
 0000:fffe2000       .debug$S                   10000000     ucrtd:ucrtbased.dll
 0000:fffe2000       .debug$S                   10000000     ucrtd:ucrtbased.dll
 0000:fffe2000       .debug$S                   10000000     ucrtd:ucrtbased.dll
 0000:fffe2000       .debug$S                   10000000     ucrtd:ucrtbased.dll
 0000:fffe2000       .debug$S                   10000000     ucrtd:ucrtbased.dll
 0000:fffe2000       .debug$S                   10000000     vcruntimed:VCRUNTIME140D.dll
 0000:fffe2000       .debug$S                   10000000     vcruntimed:VCRUNTIME140D.dll
 0000:fffe2000       .debug$S                   10000000     vcruntimed:VCRUNTIME140D.dll
 0000:fffe2000       .debug$S                   10000000     vcruntimed:VCRUNTIME140D.dll
 0002:00000990       ?dllmain_crt_dispatch@@YGHQAUHINSTANCE__@@KQAX@Z 10011990 f   MSVCRTD:dll_dllmain.obj
 0002:000009fc       $LN11                      100119fc     MSVCRTD:dll_dllmain.obj
 0002:00000a30       ?dllmain_crt_process_attach@@YAHQAUHINSTANCE__@@QAX@Z 10011a30 f   MSVCRTD:dll_dllmain.obj
 0002:00000c00       ?dllmain_crt_process_detach@@YAH_N@Z 10011c00 f   MSVCRTD:dll_dllmain.obj
 0002:00000d10       ?dllmain_dispatch@@YAHQAUHINSTANCE__@@KQAX@Z 10011d10 f   MSVCRTD:dll_dllmain.obj
 0002:00000f00       ?dllmain_raw@@YGHQAUHINSTANCE__@@KQAX@Z 10011f00 f   MSVCRTD:dll_dllmain.obj
 0002:00000fa0       ?DebuggerProbe@@YA_NK@Z    10011fa0 f   MSVCRTD:error.obj
 0002:00000ff0       ?DebuggerRuntime@@YA_NKHPAXPB_W@Z 10011ff0 f   MSVCRTD:error.obj
 0002:000012c0       ?_getMemBlockDataString@@YAXPAD0PBDI@Z 100122c0 f   MSVCRTD:error.obj
 0002:00001350       ?_strlen_priv@@YAIPBD@Z    10012350 f   MSVCRTD:error.obj
 0002:00001370       ?failwithmessage@@YAXPAXHHPBD@Z 10012370 f   MSVCRTD:error.obj
 0002:000015f0       ?notify_debugger@@YAXABUtagEXCEPTION_VISUALCPP_DEBUG_INFO@@@Z 100125f0 f   MSVCRTD:error.obj
 0002:000018d0       ___get_entropy             100128d0 f   MSVCRTD:gs_support.obj
 0002:00001b40       ?find_pe_section@@YAPAU_IMAGE_SECTION_HEADER@@QAEI@Z 10012b40 f   MSVCRTD:utility.obj
 0002:00001c00       ?is_potentially_valid_image_base@@YA_NQAX@Z 10012c00 f   MSVCRTD:utility.obj
 0002:00002810       ?GetPdbDll@@YAPAUHINSTANCE__@@XZ 10013810 f   MSVCRTD:pdblkup.obj
 0002:000029a0       ?GetPdbDllFromInstallPath@@YAPAUHINSTANCE__@@XZ 100139a0 f   MSVCRTD:pdblkup.obj
 0002:00002c90       ?GetPdbDllPathFromFilePath@@YAHPB_WPA_WI@Z 10013c90 f   MSVCRTD:pdblkup.obj
 0003:0000086c       ?_RTC_ErrorMessages@@3QBQBDB 1001686c     MSVCRTD:error.obj
 0003:00000884       ?_RTC_NoFalsePositives@@3QBHB 10016884     MSVCRTD:error.obj
 0003:0000089c       ?stack_premsg@@3QBDB       1001689c     MSVCRTD:error.obj
 0003:000008b8       ?stack_postmsg@@3QBDB      100168b8     MSVCRTD:error.obj
 0003:000008cc       ?uninit_premsg@@3QBDB      100168cc     MSVCRTD:error.obj
 0003:000008dc       ?uninit_postmsg@@3QBDB     100168dc     MSVCRTD:error.obj
 0003:00000f28       ?_RTC_errlist@@3QBQBDB     10016f28     MSVCRTD:userapi.obj
 0003:0000100c       ?mspdbName@@3QB_WB         1001700c     MSVCRTD:pdblkup.obj
 0003:00001030       ?debugCrtFileName@@3QB_WB  10017030     MSVCRTD:pdblkup.obj
 0003:000011c0       ?dllExt@?1??GetPdbDllPathFromFilePath@@YAHPB_WPA_WI@Z@4QB_WB 100171c0     MSVCRTD:pdblkup.obj
 0003:000011cc       ?mspdbFilename@?1??GetPdbDllPathFromFilePath@@YAHPB_WPA_WI@Z@4QB_WB 100171cc     MSVCRTD:pdblkup.obj
 0003:00001214       _GS_ExceptionPointers      10017214     MSVCRTD:gs_report.obj
 0003:000016bc       __RTC_InitBase.rtc$IMZ     100176bc     dllmain.obj
 0003:000016c0       __RTC_InitBase.rtc$IMZ     100176c0     Pugin2.obj
 0003:000019d0       __RTC_Shutdown.rtc$TMZ     100179d0     dllmain.obj
 0003:000019d4       __RTC_Shutdown.rtc$TMZ     100179d4     Pugin2.obj
 0003:00001be0       __sehtable$?dllmain_crt_process_attach@@YAHQAUHINSTANCE__@@QAX@Z 10017be0     MSVCRTD:dll_dllmain.obj
 0003:00001c00       __sehtable$?dllmain_crt_process_detach@@YAH_N@Z 10017c00     MSVCRTD:dll_dllmain.obj
 0003:00001c20       __sehtable$?dllmain_dispatch@@YAHQAUHINSTANCE__@@KQAX@Z 10017c20     MSVCRTD:dll_dllmain.obj
 0003:00001c40       __sehtable$?notify_debugger@@YAXABUtagEXCEPTION_VISUALCPP_DEBUG_INFO@@@Z 10017c40     MSVCRTD:error.obj
 0003:00001c60       __sehtable$___scrt_is_nonwritable_in_current_image 10017c60     MSVCRTD:utility.obj
 0003:00001da0       .edata                     10017da0     Pugin2.exp
 0003:00001dc8       rgpv                       10017dc8     Pugin2.exp
 0003:00001dcc       rgszName                   10017dcc     Pugin2.exp
 0003:00001dd0       rgwOrd                     10017dd0     Pugin2.exp
 0003:00001dd2       szName                     10017dd2     Pugin2.exp
 0003:00001ddd       $N00001                    10017ddd     Pugin2.exp
 0004:0000013c       ?init@?1??_RTC_InitBase@@9@4_NA 1001813c     MSVCRTD:init.obj
 0004:00000140       ?__proc_attached@@3HA      10018140     MSVCRTD:dll_dllmain.obj
 0004:00000154       ?_RTC_ErrorReportFunc@@3P6AHHPBDH00ZZA 10018154     MSVCRTD:userapi.obj
 0004:00000158       ?_RTC_ErrorReportFuncW@@3P6AHHPB_WH00ZZA 10018158     MSVCRTD:userapi.obj
 0004:00000184       ?is_initialized_as_dll@@3_NA 10018184     MSVCRTD:utility.obj
 0004:00000185       ?module_local_atexit_table_initialized@@3_NA 10018185     MSVCRTD:utility.obj
 0004:00000188       ?module_local_atexit_table@@3U_onexit_table_t@@A 10018188     MSVCRTD:utility.obj
 0004:00000194       ?module_local_at_quick_exit_table@@3U_onexit_table_t@@A 10018194     MSVCRTD:utility.obj
 0004:000001ac       ?mspdb@@3PAUHINSTANCE__@@A 100181ac     MSVCRTD:pdblkup.obj
 0004:000001b0       ?alreadyTried@?1??GetPdbDll@@YAPAUHINSTANCE__@@XZ@4_NA 100181b0     MSVCRTD:pdblkup.obj
 0004:000001b1       ?PDBOK@?1??_RTC_GetSrcLine@@YAHPAEPA_WKPAH1K@Z@4_NA 100181b1     MSVCRTD:pdblkup.obj
 0004:000001c0       _GS_ExceptionRecord        100181c0     MSVCRTD:gs_report.obj
 0004:00000210       _GS_ContextRecord          10018210     MSVCRTD:gs_report.obj
 0005:000003ba       .idata$6                   100193ba     vcruntimed:VCRUNTIME140D.dll
 0005:00000540       .idata$6                   10019540     ucrtd:ucrtbased.dll
 0005:00000724       .idata$6                   10019724     kernel32:KERNEL32.dll
 0006:00000000       __7B7A869E_ctype@h         1001a000     dllmain.obj
 0006:00000001       __457DD326_basetsd@h       1001a001     dllmain.obj
 0006:00000002       __4384A2D9_corecrt_memcpy_s@h 1001a002     dllmain.obj
 0006:00000003       __2088847F_corecrt_memory@h 1001a003     dllmain.obj
 0006:00000004       __4E51A221_corecrt_wstring@h 1001a004     dllmain.obj
 0006:00000005       __2140C079_string@h        1001a005     dllmain.obj
 0006:00000006       __E9FFF232_guiddef@h       1001a006     dllmain.obj
 0006:00000007       __1887E595_winnt@h         1001a007     dllmain.obj
 0006:00000008       __9FC7C64B_processthreadsapi@h 1001a008     dllmain.obj
 0006:00000009       __FA470AEC_memoryapi@h     1001a009     dllmain.obj
 0006:0000000a       __F37DAFF1_winerror@h      1001a00a     dllmain.obj
 0006:0000000b       __7A450CCC_winbase@h       1001a00b     dllmain.obj
 0006:0000000c       __12AD47BB_winuser@h       1001a00c     dllmain.obj
 0006:0000000d       __86261D59_stralign@h      1001a00d     dllmain.obj
 0006:0000000e       __0603F6D0_dllmain@cpp     1001a00e     dllmain.obj
 0006:00000012       __EDE28F47_stdafx@h        1001a012     Pugin2.obj
 0006:00000013       __DFFD0A52_pugin2@pch      1001a013     Pugin2.obj
 0006:00000014       __0E6C69FB_pugin2@cpp      1001a014     Pugin2.obj
 0006:00000015       __DFFD0A52_pugin2@pch      1001a015     stdafx.obj
 0006:00000016       __7B7A869E_ctype@h         1001a016     stdafx.obj
 0006:00000017       __457DD326_basetsd@h       1001a017     stdafx.obj
 0006:00000018       __4384A2D9_corecrt_memcpy_s@h 1001a018     stdafx.obj
 0006:00000019       __2088847F_corecrt_memory@h 1001a019     stdafx.obj
 0006:0000001a       __4E51A221_corecrt_wstring@h 1001a01a     stdafx.obj
 0006:0000001b       __2140C079_string@h        1001a01b     stdafx.obj
 0006:0000001c       __E9FFF232_guiddef@h       1001a01c     stdafx.obj
 0006:0000001d       __1887E595_winnt@h         1001a01d     stdafx.obj
 0006:0000001e       __9FC7C64B_processthreadsapi@h 1001a01e     stdafx.obj
 0006:0000001f       __FA470AEC_memoryapi@h     1001a01f     stdafx.obj
 0006:00000020       __F37DAFF1_winerror@h      1001a020     stdafx.obj
 0006:00000021       __7A450CCC_winbase@h       1001a021     stdafx.obj
 0006:00000022       __12AD47BB_winuser@h       1001a022     stdafx.obj
 0006:00000023       __86261D59_stralign@h      1001a023     stdafx.obj
 0008:00000170       $R000000                   1001c170     * linker generated manifest res *
