 TransportDll

 Timestamp is 5cd2b788 (Wed May  8 14:03:36 2019)

 Preferred load address is 10000000

 Start         Length     Name                   Class
 0001:00000000 00010000H .textbss                DATA
 0002:00000000 000058eaH .text$mn                CODE
 0003:00000000 00000104H .CRT$XCA                DATA
 0003:00000104 00000104H .CRT$XCZ                DATA
 0003:00000208 00000104H .CRT$XIA                DATA
 0003:0000030c 00000104H .CRT$XIZ                DATA
 0003:00000410 00000104H .CRT$XPA                DATA
 0003:00000514 00000104H .CRT$XPZ                DATA
 0003:00000618 00000104H .CRT$XTA                DATA
 0003:0000071c 00000104H .CRT$XTZ                DATA
 0003:00000820 00000d50H .rdata                  DATA
 0003:00001570 00000170H .rdata$zzzdbg           DATA
 0003:000016e0 00000104H .rtc$IAA                DATA
 0003:000017e4 0000010cH .rtc$IMZ                DATA
 0003:000018f0 00000104H .rtc$IZZ                DATA
 0003:000019f4 00000104H .rtc$TAA                DATA
 0003:00001af8 0000010cH .rtc$TMZ                DATA
 0003:00001c04 00000104H .rtc$TZZ                DATA
 0003:00001d08 000001b8H .xdata$x                DATA
 0003:00001ec0 00000181H .edata                  DATA
 0004:00000000 00000138H .data                   DATA
 0004:00000138 00000478H .bss                    DATA
 0005:00000000 000001e0H .idata$5                DATA
 0005:000001e0 00000050H .idata$2                DATA
 0005:00000230 00000014H .idata$3                DATA
 0005:00000244 000001e0H .idata$4                DATA
 0005:00000424 000005f1H .idata$6                DATA
 0006:00000000 00000133H .msvcjmc                DATA
 0007:00000000 00000104H .00cfg                  DATA
 0008:00000000 00000170H .rsrc$01                DATA
 0008:00000170 000002ccH .rsrc$02                DATA

  Address         Publics by Value              Rva+Base       Lib:Object

 0000:00000000       ___safe_se_handler_table   00000000     <absolute>
 0000:00000000       ___guard_iat_table         00000000     <absolute>
 0000:00000000       ___hybrid_code_map         00000000     <absolute>
 0000:00000000       ___guard_longjmp_count     00000000     <absolute>
 0000:00000000       ___safe_se_handler_count   00000000     <absolute>
 0000:00000000       ___dynamic_value_reloc_table 00000000     <absolute>
 0000:00000000       ___guard_fids_table        00000000     <absolute>
 0000:00000000       ___guard_iat_count         00000000     <absolute>
 0000:00000000       ___volatile_metadata       00000000     <absolute>
 0000:00000000       ___enclave_config          00000000     <absolute>
 0000:00000000       ___hybrid_auxiliary_iat    00000000     <absolute>
 0000:00000000       ___hybrid_code_map_count   00000000     <absolute>
 0000:00000000       ___guard_longjmp_table     00000000     <absolute>
 0000:00000000       ___guard_fids_count        00000000     <absolute>
 0000:00000100       ___guard_flags             00000100     <absolute>
 0000:00000000       ___ImageBase               10000000     <linker-defined>
 0001:00000000       __enc$textbss$begin        10001000     <linker-defined>
 0001:00010000       __enc$textbss$end          10011000     <linker-defined>
 0002:000006a0       _DllMain@12                100116a0 f   dllmain.obj
 0002:00000700       __JustMyCode_Default       10011700 f i dllmain.obj
 0002:00000710       ?client@@YAPBDPADPAU_GUID@@@Z 10011710 f   TransportDll.obj
 0002:00000d90       _GetCopyright              10011d90 f   TransportDll.obj
 0002:00000df0       _SetServerEndpoint         10011df0 f   TransportDll.obj
 0002:00000e80       ___local_stdio_printf_options 10011e80 f i TransportDll.obj
 0002:00000ee0       __vfprintf_l               10011ee0 f i TransportDll.obj
 0002:00000f70       _printf                    10011f70 f i TransportDll.obj
 0002:00001003       _closesocket@4             10012003 f   ws2_32:WS2_32.dll
 0002:00001009       _connect@12                10012009 f   ws2_32:WS2_32.dll
 0002:0000100f       _recv@16                   1001200f f   ws2_32:WS2_32.dll
 0002:00001015       _send@16                   10012015 f   ws2_32:WS2_32.dll
 0002:0000101b       _shutdown@8                1001201b f   ws2_32:WS2_32.dll
 0002:00001021       _socket@12                 10012021 f   ws2_32:WS2_32.dll
 0002:00001027       _WSAStartup@8              10012027 f   ws2_32:WS2_32.dll
 0002:0000102d       _WSACleanup@0              1001202d f   ws2_32:WS2_32.dll
 0002:00001033       _WSAGetLastError@0         10012033 f   ws2_32:WS2_32.dll
 0002:00001039       _getaddrinfo@16            10012039 f   ws2_32:WS2_32.dll
 0002:0000103f       _freeaddrinfo@4            1001203f f   ws2_32:WS2_32.dll
 0002:00001050       @__CheckForDebuggerJustMyCode@4 10012050 f   MSVCRTD:debugger_jmc.obj
 0002:000010a0       @_RTC_AllocaHelper@12      100120a0 f   MSVCRTD:stack.obj
 0002:000010e0       @_RTC_CheckStackVars2@12   100120e0 f   MSVCRTD:stack.obj
 0002:00001200       @_RTC_CheckStackVars@8     10012200 f   MSVCRTD:stack.obj
 0002:00001280       __RTC_CheckEsp             10012280 f   MSVCRTD:stack.obj
 0002:000012c0       __CRT_RTC_INIT             100122c0 f   MSVCRTD:init.obj
 0002:000012d0       __CRT_RTC_INITW            100122d0 f   MSVCRTD:init.obj
 0002:000012e0       __RTC_InitBase             100122e0 f   MSVCRTD:init.obj
 0002:00001320       __RTC_Shutdown             10012320 f   MSVCRTD:init.obj
 0002:00001340       @__security_check_cookie@4 10012340 f   MSVCRTD:secchk.obj
 0002:00001920       __CRT_INIT@12              10012920 f   MSVCRTD:dll_dllmain.obj
 0002:00001940       __DllMainCRTStartup@12     10012940 f   MSVCRTD:dll_dllmain.obj
 0002:00001a20       ?_RTC_AllocaFailure@@YAXPAXPAU_RTC_ALLOCA_NODE@@H@Z 10012a20 f   MSVCRTD:error.obj
 0002:00001b40       ?_RTC_Failure@@YAXPAXH@Z   10012b40 f   MSVCRTD:error.obj
 0002:00001bb0       ?_RTC_StackFailure@@YAXPAXPBD@Z 10012bb0 f   MSVCRTD:error.obj
 0002:00002060       __RTC_UninitUse            10013060 f   MSVCRTD:error.obj
 0002:00002140       __vsprintf_s_l             10013140 f i MSVCRTD:error.obj
 0002:00002180       _sprintf_s                 10013180 f i MSVCRTD:error.obj
 0002:000021b0       ?_RTC_GetErrorFunc@@YAP6AHHPBDH00ZZPBX@Z 100131b0 f   MSVCRTD:userapi.obj
 0002:000021c0       ?_RTC_GetErrorFuncW@@YAP6AHHPB_WH00ZZPBX@Z 100131c0 f   MSVCRTD:userapi.obj
 0002:000021d0       __RTC_GetErrDesc           100131d0 f   MSVCRTD:userapi.obj
 0002:000021f0       __RTC_NumErrors            100131f0 f   MSVCRTD:userapi.obj
 0002:00002200       __RTC_SetErrorFunc         10013200 f   MSVCRTD:userapi.obj
 0002:00002230       __RTC_SetErrorFuncW        10013230 f   MSVCRTD:userapi.obj
 0002:00002260       __RTC_SetErrorType         10013260 f   MSVCRTD:userapi.obj
 0002:00002290       ___raise_securityfailure   10013290 f   MSVCRTD:gs_report.obj
 0002:000022d0       ___report_gsfailure        100132d0 f   MSVCRTD:gs_report.obj
 0002:00002420       ___report_rangecheckfailure 10013420 f   MSVCRTD:gs_report.obj
 0002:00002430       ___report_securityfailure  10013430 f   MSVCRTD:gs_report.obj
 0002:00002540       ___report_securityfailureEx 10013540 f   MSVCRTD:gs_report.obj
 0002:00002740       ___security_init_cookie    10013740 f   MSVCRTD:gs_support.obj
 0002:000027e0       ?__scrt_initialize_type_info@@YAXXZ 100137e0 f   MSVCRTD:tncleanup.obj
 0002:00002800       ?__scrt_uninitialize_type_info@@YAXXZ 10013800 f   MSVCRTD:tncleanup.obj
 0002:00002820       ___local_stdio_scanf_options 10013820 f i MSVCRTD:default_local_stdio_options.obj
 0002:00002830       ___scrt_initialize_default_local_stdio_options 10013830 f   MSVCRTD:default_local_stdio_options.obj
 0002:00002880       ??$__crt_fast_decode_pointer@PAP6AXXZ@@YAPAP6AXXZQAP6AXXZ@Z 10013880 f i MSVCRTD:utility.obj
 0002:000028b0       ??$__crt_fast_encode_pointer@PAP6AXXZ@@YAPAP6AXXZQAP6AXXZ@Z 100138b0 f i MSVCRTD:utility.obj
 0002:000028f0       ?__crt_rotate_pointer_value@@YAIIH@Z 100138f0 f i MSVCRTD:utility.obj
 0002:00002900       ?configure_argv@__scrt_narrow_argv_policy@@SAHXZ 10013900 f i MSVCRTD:utility.obj
 0002:000029d0       ?initialize_environment@__scrt_narrow_environment_policy@@SAHXZ 100139d0 f i MSVCRTD:utility.obj
 0002:00002a70       _NtCurrentTeb              10013a70 f i MSVCRTD:utility.obj
 0002:00002a80       ___scrt_acquire_startup_lock 10013a80 f   MSVCRTD:utility.obj
 0002:00002ae0       ___scrt_dllmain_after_initialize_c 10013ae0 f   MSVCRTD:utility.obj
 0002:00002b20       ___scrt_dllmain_before_initialize_c 10013b20 f   MSVCRTD:utility.obj
 0002:00002b50       ___scrt_dllmain_crt_thread_attach 10013b50 f   MSVCRTD:utility.obj
 0002:00002b90       ___scrt_dllmain_crt_thread_detach 10013b90 f   MSVCRTD:utility.obj
 0002:00002bb0       ___scrt_dllmain_exception_filter 10013bb0 f   MSVCRTD:utility.obj
 0002:00002c10       ___scrt_dllmain_uninitialize_c 10013c10 f   MSVCRTD:utility.obj
 0002:00002c50       ___scrt_dllmain_uninitialize_critical 10013c50 f   MSVCRTD:utility.obj
 0002:00002c70       ___scrt_initialize_crt     10013c70 f   MSVCRTD:utility.obj
 0002:00002cd0       ___scrt_initialize_onexit_tables 10013cd0 f   MSVCRTD:utility.obj
 0002:00002df0       ___scrt_is_nonwritable_in_current_image 10013df0 f   MSVCRTD:utility.obj
 0002:00002f70       ___scrt_release_startup_lock 10013f70 f   MSVCRTD:utility.obj
 0002:00002fa0       ___scrt_uninitialize_crt   10013fa0 f   MSVCRTD:utility.obj
 0002:00002ff0       __onexit                   10013ff0 f   MSVCRTD:utility.obj
 0002:00003080       _at_quick_exit             10014080 f   MSVCRTD:utility.obj
 0002:000030e0       _atexit                    100140e0 f   MSVCRTD:utility.obj
 0002:00003120       ___scrt_get_dyn_tls_init_callback 10014120 f   MSVCRTD:dyn_tls_init.obj
 0002:00003130       ___scrt_fastfail           10014130 f   MSVCRTD:utility_desktop.obj
 0002:000032c0       ___scrt_get_show_window_mode 100142c0 f   MSVCRTD:utility_desktop.obj
 0002:00003310       ___scrt_initialize_mta     10014310 f   MSVCRTD:utility_desktop.obj
 0002:00003320       ___scrt_initialize_winrt   10014320 f   MSVCRTD:utility_desktop.obj
 0002:00003330       ___scrt_is_managed_app     10014330 f   MSVCRTD:utility_desktop.obj
 0002:000033e0       ___scrt_set_unhandled_exception_filter 100143e0 f   MSVCRTD:utility_desktop.obj
 0002:00003400       ___scrt_stub_for_initialize_mta 10014400 f   MSVCRTD:utility_desktop.obj
 0002:00003400       ___scrt_exe_initialize_mta 10014400 f   MSVCRTD:utility_desktop.obj
 0002:00003410       ___scrt_unhandled_exception_filter@4 10014410 f   MSVCRTD:utility_desktop.obj
 0002:00003490       __crt_debugger_hook        10014490 f   MSVCRTD:utility_desktop.obj
 0002:000034b0       __RTC_Initialize           100144b0 f   MSVCRTD:initsect.obj
 0002:000034f0       __RTC_Terminate            100144f0 f   MSVCRTD:initsect.obj
 0002:00003530       __except_handler4          10014530 f   MSVCRTD:chandler4gs.obj
 0002:00003560       @_guard_check_icall_nop@4  10014560 f i MSVCRTD:guard_support.obj
 0002:00003570       _ReadNoFence               10014570 f i MSVCRTD:guard_support.obj
 0002:00003590       _ReadPointerNoFence        10014590 f i MSVCRTD:guard_support.obj
 0002:000035b0       __guard_icall_checks_enforced 100145b0 f i MSVCRTD:guard_support.obj
 0002:00003b80       ?_RTC_GetSrcLine@@YAHPAEPA_WKPAH1K@Z 10014b80 f   MSVCRTD:pdblkup.obj
 0002:00003ff0       __except_handler4_noexcept 10014ff0 f   MSVCRTD:chandler4_noexcept.obj
 0002:00004050       ___isa_available_init      10015050 f   MSVCRTD:cpu_disp.obj
 0002:000043e0       __get_startup_argv_mode    100153e0 f   MSVCRTD:argv_mode.obj
 0002:000043f0       ___scrt_is_ucrt_dll_in_use 100153f0 f   MSVCRTD:ucrt_detection.obj
 0002:0000441d       _memcpy                    1001541d f   vcruntimed:VCRUNTIME140D.dll
 0002:00004423       _memset                    10015423 f   vcruntimed:VCRUNTIME140D.dll
 0002:00004429       ___std_type_info_destroy_list 10015429 f   vcruntimed:VCRUNTIME140D.dll
 0002:0000442f       __except_handler4_common   1001542f f   vcruntimed:VCRUNTIME140D.dll
 0002:00004435       ___vcrt_GetModuleFileNameW 10015435 f   vcruntimed:VCRUNTIME140D.dll
 0002:0000443b       ___vcrt_GetModuleHandleW   1001543b f   vcruntimed:VCRUNTIME140D.dll
 0002:00004441       ___vcrt_LoadLibraryExW     10015441 f   vcruntimed:VCRUNTIME140D.dll
 0002:00004447       _strlen                    10015447 f   ucrtd:ucrtbased.dll
 0002:0000444d       ___acrt_iob_func           1001544d f   ucrtd:ucrtbased.dll
 0002:00004453       ___stdio_common_vfprintf   10015453 f   ucrtd:ucrtbased.dll
 0002:00004459       _malloc                    10015459 f   ucrtd:ucrtbased.dll
 0002:0000445f       __CrtDbgReport             1001545f f   ucrtd:ucrtbased.dll
 0002:00004465       __CrtDbgReportW            10015465 f   ucrtd:ucrtbased.dll
 0002:0000446b       __initterm                 1001546b f   ucrtd:ucrtbased.dll
 0002:00004471       __initterm_e               10015471 f   ucrtd:ucrtbased.dll
 0002:00004477       _strcpy_s                  10015477 f   ucrtd:ucrtbased.dll
 0002:0000447d       _strcat_s                  1001547d f   ucrtd:ucrtbased.dll
 0002:00004483       ___stdio_common_vsprintf_s 10015483 f   ucrtd:ucrtbased.dll
 0002:00004489       __seh_filter_dll           10015489 f   ucrtd:ucrtbased.dll
 0002:0000448f       __configure_narrow_argv    1001548f f   ucrtd:ucrtbased.dll
 0002:00004495       __initialize_narrow_environment 10015495 f   ucrtd:ucrtbased.dll
 0002:0000449b       __initialize_onexit_table  1001549b f   ucrtd:ucrtbased.dll
 0002:000044a1       __register_onexit_function 100154a1 f   ucrtd:ucrtbased.dll
 0002:000044a7       __execute_onexit_table     100154a7 f   ucrtd:ucrtbased.dll
 0002:000044ad       __crt_atexit               100154ad f   ucrtd:ucrtbased.dll
 0002:000044b3       __crt_at_quick_exit        100154b3 f   ucrtd:ucrtbased.dll
 0002:000044b9       __cexit                    100154b9 f   ucrtd:ucrtbased.dll
 0002:000044bf       _terminate                 100154bf f   ucrtd:ucrtbased.dll
 0002:000044c5       __wmakepath_s              100154c5 f   ucrtd:ucrtbased.dll
 0002:000044cb       __wsplitpath_s             100154cb f   ucrtd:ucrtbased.dll
 0002:000044d1       _wcscpy_s                  100154d1 f   ucrtd:ucrtbased.dll
 0002:000044d7       _GetCurrentThreadId@0      100154d7 f   kernel32:KERNEL32.dll
 0002:000044dd       _IsDebuggerPresent@0       100154dd f   kernel32:KERNEL32.dll
 0002:000044e3       _RaiseException@16         100154e3 f   kernel32:KERNEL32.dll
 0002:000044e9       _MultiByteToWideChar@24    100154e9 f   kernel32:KERNEL32.dll
 0002:000044ef       _WideCharToMultiByte@32    100154ef f   kernel32:KERNEL32.dll
 0002:000044f5       _UnhandledExceptionFilter@4 100154f5 f   kernel32:KERNEL32.dll
 0002:000044fb       _SetUnhandledExceptionFilter@4 100154fb f   kernel32:KERNEL32.dll
 0002:00004501       _GetCurrentProcess@0       10015501 f   kernel32:KERNEL32.dll
 0002:00004507       _TerminateProcess@8        10015507 f   kernel32:KERNEL32.dll
 0002:0000450d       _IsProcessorFeaturePresent@4 1001550d f   kernel32:KERNEL32.dll
 0002:00004513       _QueryPerformanceCounter@4 10015513 f   kernel32:KERNEL32.dll
 0002:00004519       _GetCurrentProcessId@0     10015519 f   kernel32:KERNEL32.dll
 0002:0000451f       _GetSystemTimeAsFileTime@4 1001551f f   kernel32:KERNEL32.dll
 0002:00004525       _InitializeSListHead@4     10015525 f   kernel32:KERNEL32.dll
 0002:0000452b       _GetStartupInfoW@4         1001552b f   kernel32:KERNEL32.dll
 0002:00004531       _GetModuleHandleW@4        10015531 f   kernel32:KERNEL32.dll
 0002:00004537       _GetLastError@0            10015537 f   kernel32:KERNEL32.dll
 0002:0000453d       _HeapAlloc@12              1001553d f   kernel32:KERNEL32.dll
 0002:00004543       _HeapFree@12               10015543 f   kernel32:KERNEL32.dll
 0002:00004549       _GetProcessHeap@0          10015549 f   kernel32:KERNEL32.dll
 0002:0000454f       _VirtualQuery@12           1001554f f   kernel32:KERNEL32.dll
 0002:00004555       _FreeLibrary@4             10015555 f   kernel32:KERNEL32.dll
 0002:0000455b       _GetProcAddress@8          1001555b f   kernel32:KERNEL32.dll
 0002:00004570       ___vcrt_initialize         10015570 f   MSVCRTD:ucrt_stubs.obj
 0002:00004570       ___scrt_stub_for_acrt_initialize 10015570 f   MSVCRTD:ucrt_stubs.obj
 0002:00004570       ___acrt_initialize         10015570 f   MSVCRTD:ucrt_stubs.obj
 0002:00004580       ___acrt_thread_attach      10015580 f   MSVCRTD:ucrt_stubs.obj
 0002:00004580       ___scrt_stub_for_acrt_thread_attach 10015580 f   MSVCRTD:ucrt_stubs.obj
 0002:00004580       ___vcrt_thread_attach      10015580 f   MSVCRTD:ucrt_stubs.obj
 0002:00004590       ___acrt_thread_detach      10015590 f   MSVCRTD:ucrt_stubs.obj
 0002:00004590       ___vcrt_thread_detach      10015590 f   MSVCRTD:ucrt_stubs.obj
 0002:00004590       ___scrt_stub_for_acrt_thread_detach 10015590 f   MSVCRTD:ucrt_stubs.obj
 0002:000045a0       ___acrt_uninitialize       100155a0 f   MSVCRTD:ucrt_stubs.obj
 0002:000045a0       ___scrt_stub_for_acrt_uninitialize 100155a0 f   MSVCRTD:ucrt_stubs.obj
 0002:000045a0       ___vcrt_uninitialize       100155a0 f   MSVCRTD:ucrt_stubs.obj
 0002:000045b0       ___vcrt_uninitialize_critical 100155b0 f   MSVCRTD:ucrt_stubs.obj
 0002:000045b0       ___scrt_stub_for_acrt_uninitialize_critical 100155b0 f   MSVCRTD:ucrt_stubs.obj
 0002:000045b0       ___acrt_uninitialize_critical 100155b0 f   MSVCRTD:ucrt_stubs.obj
 0002:000045c0       __is_c_termination_complete 100155c0 f   MSVCRTD:ucrt_stubs.obj
 0002:000045c0       ___scrt_stub_for_is_c_termination_complete 100155c0 f   MSVCRTD:ucrt_stubs.obj
 0003:00000000       ___xc_a                    10017000     MSVCRTD:initializers.obj
 0003:00000104       ___xc_z                    10017104     MSVCRTD:initializers.obj
 0003:00000208       ___xi_a                    10017208     MSVCRTD:initializers.obj
 0003:0000030c       ___xi_z                    1001730c     MSVCRTD:initializers.obj
 0003:00000410       ___xp_a                    10017410     MSVCRTD:initializers.obj
 0003:00000514       ___xp_z                    10017514     MSVCRTD:initializers.obj
 0003:00000618       ___xt_a                    10017618     MSVCRTD:initializers.obj
 0003:0000071c       ___xt_z                    1001771c     MSVCRTD:initializers.obj
 0003:00000820       ??_C@_0CC@BCKCCGII@WSAStartup?5failed?5with?5error?3?5?$CF@ 10017820     TransportDll.obj
 0003:00000848       ??_C@_05GDDNCJNM@27015@    10017848     TransportDll.obj
 0003:00000850       ??_C@_0CD@PCLIBDOM@getaddrinfo?5failed?5with?5error?3?5@ 10017850     TransportDll.obj
 0003:0000087c       ??_C@_0BO@LFGMIEOM@socket?5failed?5with?5error?3?5?$CFd?6@ 1001787c     TransportDll.obj
 0003:000008a0       ??_C@_0BO@PHECJPPI@Unable?5to?5connect?5to?5server?$CB?6@ 100178a0     TransportDll.obj
 0003:000008c4       ??_C@_0BM@JOEKAJND@send?5failed?5with?5error?3?5?$CFd?6@ 100178c4     TransportDll.obj
 0003:000008e8       ??_C@_0BA@CAIPEDJE@Bytes?5Sent?3?5?$CFd?6@ 100178e8     TransportDll.obj
 0003:000008fc       ??_C@_0CA@HCCMPOIB@shutdown?5failed?5with?5error?3?5?$CFd?6@ 100178fc     TransportDll.obj
 0003:00000924       ??_C@_0BE@PLKHFJOE@Bytes?5received?3?5?$CFd?6@ 10017924     TransportDll.obj
 0003:0000093c       ??_C@_0BD@NNDEALAM@Connection?5closed?6@ 1001793c     TransportDll.obj
 0003:00000954       ??_C@_0BM@MPCOOIAI@recv?5failed?5with?5error?3?5?$CFd?6@ 10017954     TransportDll.obj
 0003:00000978       ??_C@_0N@JCPOJMFH@receive?5?$CFs?5?6@ 10017978     TransportDll.obj
 0003:00000988       __pDefaultRawDllMain       10017988     MSVCRTD:dll_dllmain.obj
 0003:00000988       __pRawDllMain              10017988     MSVCRTD:dll_dllmain.obj
 0003:00000a48       ??_C@_0NN@NGPKDKPD@The?5value?5of?5ESP?5was?5not?5proper@ 10017a48     MSVCRTD:error.obj
 0003:00000b58       ??_C@_0BBN@GPMLNJCF@A?5cast?5to?5a?5smaller?5data?5type?5h@ 10017b58     MSVCRTD:error.obj
 0003:00000cb0       ??_C@_0BN@FFOINMNJ@Stack?5memory?5was?5corrupted?6?$AN@ 10017cb0     MSVCRTD:error.obj
 0003:00000cd4       ??_C@_0DG@HKJMLLLP@A?5local?5variable?5was?5used?5befor@ 10017cd4     MSVCRTD:error.obj
 0003:00000d14       ??_C@_0CM@NGINOKPC@Stack?5memory?5around?5_alloca?5was@ 10017d14     MSVCRTD:error.obj
 0003:00000d48       ??_C@_0BO@GNIAFIKK@Unknown?5Runtime?5Check?5Error?6?$AN@ 10017d48     MSVCRTD:error.obj
 0003:00000d70       ??_C@_1GM@OLMCBDMB@?$AAR?$AAu?$AAn?$AAt?$AAi?$AAm?$AAe?$AA?5?$AAC?$AAh?$AAe?$AAc?$AAk?$AA?5?$AAE@ 10017d70     MSVCRTD:error.obj
 0003:00000df8       ??_C@_1EA@NFKNIFJP@?$AAR?$AAu?$AAn?$AA?9?$AAT?$AAi?$AAm?$AAe?$AA?5?$AAC?$AAh?$AAe?$AAc?$AAk?$AA?5@ 10017df8     MSVCRTD:error.obj
 0003:00000e44       ??_C@_0BB@PFFGGCJP@Unknown?5Filename@ 10017e44     MSVCRTD:error.obj
 0003:00000e58       ??_C@_0BE@GNBOBNCK@Unknown?5Module?5Name@ 10017e58     MSVCRTD:error.obj
 0003:00000e70       ??_C@_0CA@IODNCDPG@Run?9Time?5Check?5Failure?5?$CD?$CFd?5?9?5?$CFs@ 10017e70     MSVCRTD:error.obj
 0003:00000e98       ??_C@_0CG@IAFNJNEE@Stack?5corrupted?5near?5unknown?5va@ 10017e98     MSVCRTD:error.obj
 0003:00000ec8       ??_C@_05MKKEDADM@?$CF?42X?5@ 10017ec8     MSVCRTD:error.obj
 0003:00000ed0       ??_C@_0EJ@LJKNEOLN@Stack?5area?5around?5_alloca?5memor@ 10017ed0     MSVCRTD:error.obj
 0003:00000f28       ??_C@_01EEMJAFIK@?6@       10017f28     MSVCRTD:error.obj
 0003:00000f2c       ??_C@_02LLMPMKNF@?$DO?5@   10017f2c     MSVCRTD:error.obj
 0003:00000f30       ??_C@_08OMAHNMHJ@?6Data?3?5?$DM@ 10017f30     MSVCRTD:error.obj
 0003:00000f3c       ??_C@_0CK@DKGBICFE@?6Allocation?5number?5within?5this?5@ 10017f3c     MSVCRTD:error.obj
 0003:00000f70       ??_C@_07DFDJCKFN@?6Size?3?5@ 10017f70     MSVCRTD:error.obj
 0003:00000f7c       ??_C@_0N@MHFFIMFG@?6Address?3?50x@ 10017f7c     MSVCRTD:error.obj
 0003:00000f90       ??_C@_0EI@CLEPFNGI@Stack?5area?5around?5_alloca?5memor@ 10017f90     MSVCRTD:error.obj
 0003:00000fe8       ??_C@_0BK@ODNDAGKB@?$CFs?$CFs?$CFp?$CFs?$CFzd?$CFs?$CFd?$CFs?$CFs?$CFs?$CFs?$CFs@ 10017fe8     MSVCRTD:error.obj
 0003:00001008       ??_C@_0DE@OHJBPMBP@A?5variable?5is?5being?5used?5withou@ 10018008     MSVCRTD:error.obj
 0003:00001060       ??_C@_0BJ@HEGAHDFO@Stack?5pointer?5corruption@ 10018060     MSVCRTD:userapi.obj
 0003:00001080       ??_C@_0CK@FEGOIOPB@Cast?5to?5smaller?5type?5causing?5lo@ 10018080     MSVCRTD:userapi.obj
 0003:000010b4       ??_C@_0BI@CIGMDCBH@Stack?5memory?5corruption@ 100180b4     MSVCRTD:userapi.obj
 0003:000010d0       ??_C@_0CK@CNLNOEPB@Local?5variable?5used?5before?5init@ 100180d0     MSVCRTD:userapi.obj
 0003:00001104       ??_C@_0BP@OGBCLIBO@Stack?5around?5_alloca?5corrupted@ 10018104     MSVCRTD:userapi.obj
 0003:00001190       ??_C@_1EI@MLPKHBGE@?$AAa?$AAp?$AAi?$AA?9?$AAm?$AAs?$AA?9?$AAw?$AAi?$AAn?$AA?9?$AAc?$AAo?$AAr?$AAe@ 10018190     MSVCRTD:pdblkup.obj
 0003:000011e8       ??_C@_1BK@JHLNAEJL@?$AAa?$AAd?$AAv?$AAa?$AAp?$AAi?$AA3?$AA2?$AA?4?$AAd?$AAl?$AAl@ 100181e8     MSVCRTD:pdblkup.obj
 0003:00001208       ??_C@_0O@COHOBMLB@RegOpenKeyExW@ 10018208     MSVCRTD:pdblkup.obj
 0003:00001218       ??_C@_0BB@GLNAEDBD@RegQueryValueExW@ 10018218     MSVCRTD:pdblkup.obj
 0003:0000122c       ??_C@_0M@HLOHPNFA@RegCloseKey@ 1001822c     MSVCRTD:pdblkup.obj
 0003:00001240       ??_C@_1HE@EBEAGLFB@?$AAS?$AAO?$AAF?$AAT?$AAW?$AAA?$AAR?$AAE?$AA?2?$AAW?$AAo?$AAw?$AA6?$AA4?$AA3@ 10018240     MSVCRTD:pdblkup.obj
 0003:000012cc       ??_C@_1BG@EABPBLLF@?$AAP?$AAr?$AAo?$AAd?$AAu?$AAc?$AAt?$AAD?$AAi?$AAr@ 100182cc     MSVCRTD:pdblkup.obj
 0003:0000130c       ??_C@_1BC@JINFINNJ@?$AAM?$AAS?$AAP?$AAD?$AAB?$AA1?$AA4?$AA0@ 1001830c     MSVCRTD:pdblkup.obj
 0003:00001324       ??_C@_0BB@KCIACLNC@PDBOpenValidate5@ 10018324     MSVCRTD:pdblkup.obj
 0003:00001338       ??_C@_01KDCPPGHE@r@        10018338     MSVCRTD:pdblkup.obj
 0003:00001378       __load_config_used         10018378     MSVCRTD:loadcfg.obj
 0003:000016e0       ___rtc_iaa                 100186e0     MSVCRTD:initsect.obj
 0003:000018f0       ___rtc_izz                 100188f0     MSVCRTD:initsect.obj
 0003:000019f4       ___rtc_taa                 100189f4     MSVCRTD:initsect.obj
 0003:00001c04       ___rtc_tzz                 10018c04     MSVCRTD:initsect.obj
 0004:00000000       ___security_cookie_complement 1001a000     MSVCRTD:gs_cookie.obj
 0004:00000004       ___security_cookie         1001a004     MSVCRTD:gs_cookie.obj
 0004:0000000c       ?_RTC_ErrorLevels@@3PAHA   1001a00c     MSVCRTD:error.obj
 0004:00000024       ___scrt_native_dllmain_reason 1001a024     MSVCRTD:utility.obj
 0004:00000028       ___isa_enabled             1001a028     MSVCRTD:cpu_disp.obj
 0004:0000002c       ___scrt_ucrt_dll_is_in_use 1001a02c     MSVCRTD:ucrt_stubs.obj
 0004:00000138       ___@@_PchSym_@00@UfhvihUvpzgvirmzUozyDUgizmhkligwooUwvyftUhgwzucOlyq@4B2008FD98C1DD4 1001a138     stdafx.obj
 0004:0000013c       ?server_ip@@3PADA          1001a13c     TransportDll.obj
 0004:00000158       ?_OptionsStorage@?1??__local_stdio_printf_options@@9@4_KA 1001a158     TransportDll.obj
 0004:00000538       ?__type_info_root_node@@3U__type_info_node@@A 1001a538     MSVCRTD:tncleanup.obj
 0004:00000548       ?_OptionsStorage@?1??__local_stdio_scanf_options@@9@4_KA 1001a548     MSVCRTD:default_local_stdio_options.obj
 0004:00000554       ___scrt_current_native_startup_state 1001a554     MSVCRTD:utility.obj
 0004:00000558       ___scrt_native_startup_lock 1001a558     MSVCRTD:utility.obj
 0004:00000580       ___scrt_debugger_hook_flag 1001a580     MSVCRTD:utility_desktop.obj
 0004:0000058c       ___isa_available           1001a58c     MSVCRTD:cpu_disp.obj
 0004:00000590       ___favor                   1001a590     MSVCRTD:cpu_disp.obj
 0004:00000598       ___dyn_tls_init_callback   1001a598     <common>
 0004:000005a4       ___DebuggerCurrentSteppingThreadId 1001a5a4     <common>
 0005:00000000       __imp__VirtualQuery@12     1001b000     kernel32:KERNEL32.dll
 0005:00000004       __imp__IsDebuggerPresent@0 1001b004     kernel32:KERNEL32.dll
 0005:00000008       __imp__RaiseException@16   1001b008     kernel32:KERNEL32.dll
 0005:0000000c       __imp__MultiByteToWideChar@24 1001b00c     kernel32:KERNEL32.dll
 0005:00000010       __imp__WideCharToMultiByte@32 1001b010     kernel32:KERNEL32.dll
 0005:00000014       __imp__UnhandledExceptionFilter@4 1001b014     kernel32:KERNEL32.dll
 0005:00000018       __imp__SetUnhandledExceptionFilter@4 1001b018     kernel32:KERNEL32.dll
 0005:0000001c       __imp__GetCurrentProcess@0 1001b01c     kernel32:KERNEL32.dll
 0005:00000020       __imp__TerminateProcess@8  1001b020     kernel32:KERNEL32.dll
 0005:00000024       __imp__IsProcessorFeaturePresent@4 1001b024     kernel32:KERNEL32.dll
 0005:00000028       __imp__QueryPerformanceCounter@4 1001b028     kernel32:KERNEL32.dll
 0005:0000002c       __imp__GetProcAddress@8    1001b02c     kernel32:KERNEL32.dll
 0005:00000030       __imp__GetCurrentProcessId@0 1001b030     kernel32:KERNEL32.dll
 0005:00000034       __imp__GetSystemTimeAsFileTime@4 1001b034     kernel32:KERNEL32.dll
 0005:00000038       __imp__InitializeSListHead@4 1001b038     kernel32:KERNEL32.dll
 0005:0000003c       __imp__GetStartupInfoW@4   1001b03c     kernel32:KERNEL32.dll
 0005:00000040       __imp__GetModuleHandleW@4  1001b040     kernel32:KERNEL32.dll
 0005:00000044       __imp__GetLastError@0      1001b044     kernel32:KERNEL32.dll
 0005:00000048       __imp__HeapAlloc@12        1001b048     kernel32:KERNEL32.dll
 0005:0000004c       __imp__HeapFree@12         1001b04c     kernel32:KERNEL32.dll
 0005:00000050       __imp__FreeLibrary@4       1001b050     kernel32:KERNEL32.dll
 0005:00000054       __imp__GetCurrentThreadId@0 1001b054     kernel32:KERNEL32.dll
 0005:00000058       __imp__GetProcessHeap@0    1001b058     kernel32:KERNEL32.dll
 0005:0000005c       \177KERNEL32_NULL_THUNK_DATA 1001b05c     kernel32:KERNEL32.dll
 0005:00000098       __imp____vcrt_GetModuleHandleW 1001b098     vcruntimed:VCRUNTIME140D.dll
 0005:0000009c       __imp____vcrt_GetModuleFileNameW 1001b09c     vcruntimed:VCRUNTIME140D.dll
 0005:000000a0       __imp___except_handler4_common 1001b0a0     vcruntimed:VCRUNTIME140D.dll
 0005:000000a4       __imp____std_type_info_destroy_list 1001b0a4     vcruntimed:VCRUNTIME140D.dll
 0005:000000a8       __imp__memset              1001b0a8     vcruntimed:VCRUNTIME140D.dll
 0005:000000ac       __imp__memcpy              1001b0ac     vcruntimed:VCRUNTIME140D.dll
 0005:000000b0       __imp____vcrt_LoadLibraryExW 1001b0b0     vcruntimed:VCRUNTIME140D.dll
 0005:000000b4       \177VCRUNTIME140D_NULL_THUNK_DATA 1001b0b4     vcruntimed:VCRUNTIME140D.dll
 0005:000000e4       __imp__getaddrinfo@16      1001b0e4     ws2_32:WS2_32.dll
 0005:000000e8       __imp__freeaddrinfo@4      1001b0e8     ws2_32:WS2_32.dll
 0005:000000ec       __imp__closesocket@4       1001b0ec     ws2_32:WS2_32.dll
 0005:000000f0       __imp__WSACleanup@0        1001b0f0     ws2_32:WS2_32.dll
 0005:000000f4       __imp__WSAStartup@8        1001b0f4     ws2_32:WS2_32.dll
 0005:000000f8       __imp__socket@12           1001b0f8     ws2_32:WS2_32.dll
 0005:000000fc       __imp__shutdown@8          1001b0fc     ws2_32:WS2_32.dll
 0005:00000100       __imp__send@16             1001b100     ws2_32:WS2_32.dll
 0005:00000104       __imp__recv@16             1001b104     ws2_32:WS2_32.dll
 0005:00000108       __imp__connect@12          1001b108     ws2_32:WS2_32.dll
 0005:0000010c       __imp__WSAGetLastError@0   1001b10c     ws2_32:WS2_32.dll
 0005:00000110       \177WS2_32_NULL_THUNK_DATA 1001b110     ws2_32:WS2_32.dll
 0005:00000144       __imp__wcscpy_s            1001b144     ucrtd:ucrtbased.dll
 0005:00000148       __imp___wsplitpath_s       1001b148     ucrtd:ucrtbased.dll
 0005:0000014c       __imp___wmakepath_s        1001b14c     ucrtd:ucrtbased.dll
 0005:00000150       __imp__terminate           1001b150     ucrtd:ucrtbased.dll
 0005:00000154       __imp___cexit              1001b154     ucrtd:ucrtbased.dll
 0005:00000158       __imp___crt_at_quick_exit  1001b158     ucrtd:ucrtbased.dll
 0005:0000015c       __imp___crt_atexit         1001b15c     ucrtd:ucrtbased.dll
 0005:00000160       __imp___execute_onexit_table 1001b160     ucrtd:ucrtbased.dll
 0005:00000164       __imp___register_onexit_function 1001b164     ucrtd:ucrtbased.dll
 0005:00000168       __imp___initialize_narrow_environment 1001b168     ucrtd:ucrtbased.dll
 0005:0000016c       __imp___configure_narrow_argv 1001b16c     ucrtd:ucrtbased.dll
 0005:00000170       __imp___seh_filter_dll     1001b170     ucrtd:ucrtbased.dll
 0005:00000174       __imp____stdio_common_vsprintf_s 1001b174     ucrtd:ucrtbased.dll
 0005:00000178       __imp__strcat_s            1001b178     ucrtd:ucrtbased.dll
 0005:0000017c       __imp__strcpy_s            1001b17c     ucrtd:ucrtbased.dll
 0005:00000180       __imp___initterm_e         1001b180     ucrtd:ucrtbased.dll
 0005:00000184       __imp___initterm           1001b184     ucrtd:ucrtbased.dll
 0005:00000188       __imp___CrtDbgReportW      1001b188     ucrtd:ucrtbased.dll
 0005:0000018c       __imp___CrtDbgReport       1001b18c     ucrtd:ucrtbased.dll
 0005:00000190       __imp__malloc              1001b190     ucrtd:ucrtbased.dll
 0005:00000194       __imp____stdio_common_vfprintf 1001b194     ucrtd:ucrtbased.dll
 0005:00000198       __imp____acrt_iob_func     1001b198     ucrtd:ucrtbased.dll
 0005:0000019c       __imp__strlen              1001b19c     ucrtd:ucrtbased.dll
 0005:000001a0       __imp___initialize_onexit_table 1001b1a0     ucrtd:ucrtbased.dll
 0005:000001a4       \177ucrtbased_NULL_THUNK_DATA 1001b1a4     ucrtd:ucrtbased.dll
 0005:000001e0       __IMPORT_DESCRIPTOR_WS2_32 1001b1e0     ws2_32:WS2_32.dll
 0005:000001f4       __IMPORT_DESCRIPTOR_VCRUNTIME140D 1001b1f4     vcruntimed:VCRUNTIME140D.dll
 0005:00000208       __IMPORT_DESCRIPTOR_ucrtbased 1001b208     ucrtd:ucrtbased.dll
 0005:0000021c       __IMPORT_DESCRIPTOR_KERNEL32 1001b21c     kernel32:KERNEL32.dll
 0005:00000230       __NULL_IMPORT_DESCRIPTOR   1001b230     ws2_32:WS2_32.dll
 0007:00000000       ___guard_check_icall_fptr  1001d000     MSVCRTD:guard_support.obj

 entry point at        0002:000001d6

 Static symbols

 0000:fffe0000       .debug$S                   10000000     ucrtd:ucrtbased.dll
 0000:fffe4000       __guard_fids_?dllmain_dispatch@@YAHQAUHINSTANCE__@@KQAX@Z 10000000     MSVCRTD:dll_dllmain.obj
 0000:fffe4000       __guard_fids___CRT_RTC_INITW 10000000     MSVCRTD:init.obj
 0000:fffe4000       __guard_fids___CRT_RTC_INIT 10000000     MSVCRTD:init.obj
 0000:fffe0000       .debug$S                   10000000     ws2_32:WS2_32.dll
 0000:fffe4000       __guard_fids____scrt_set_unhandled_exception_filter 10000000     MSVCRTD:utility_desktop.obj
 0000:fffe4000       __guard_fids___except_handler4 10000000     MSVCRTD:chandler4gs.obj
 0000:fffe0000       .debug$S                   10000000     TransportDll.exp
 0000:fffe4000       __guard_fids__             10000000     MSVCRTD:guard_support.obj
 0000:fffe0000       .debug$S                   10000000     ws2_32:WS2_32.dll
 0000:fffe0000       .debug$S                   10000000     kernel32:KERNEL32.dll
 0000:fffe0000       .debug$S                   10000000     kernel32:KERNEL32.dll
 0000:fffe0000       .debug$S                   10000000     kernel32:KERNEL32.dll
 0000:fffe0000       .debug$S                   10000000     kernel32:KERNEL32.dll
 0000:fffe0000       .debug$S                   10000000     kernel32:KERNEL32.dll
 0000:fffe0000       .debug$S                   10000000     kernel32:KERNEL32.dll
 0000:fffe0000       .debug$S                   10000000     kernel32:KERNEL32.dll
 0000:fffe0000       .debug$S                   10000000     kernel32:KERNEL32.dll
 0000:fffe0000       .debug$S                   10000000     kernel32:KERNEL32.dll
 0000:fffe0000       .debug$S                   10000000     kernel32:KERNEL32.dll
 0000:fffe0000       .debug$S                   10000000     kernel32:KERNEL32.dll
 0000:fffe0000       .debug$S                   10000000     kernel32:KERNEL32.dll
 0000:fffe0000       .debug$S                   10000000     kernel32:KERNEL32.dll
 0000:fffe0000       .debug$S                   10000000     kernel32:KERNEL32.dll
 0000:fffe0000       .debug$S                   10000000     kernel32:KERNEL32.dll
 0000:fffe0000       .debug$S                   10000000     kernel32:KERNEL32.dll
 0000:fffe0000       .debug$S                   10000000     kernel32:KERNEL32.dll
 0000:fffe0000       .debug$S                   10000000     kernel32:KERNEL32.dll
 0000:fffe0000       .debug$S                   10000000     kernel32:KERNEL32.dll
 0000:fffe0000       .debug$S                   10000000     kernel32:KERNEL32.dll
 0000:fffe0000       .debug$S                   10000000     kernel32:KERNEL32.dll
 0000:fffe0000       .debug$S                   10000000     kernel32:KERNEL32.dll
 0000:fffe0000       .debug$S                   10000000     kernel32:KERNEL32.dll
 0000:fffe0000       .debug$S                   10000000     ws2_32:WS2_32.dll
 0000:fffe0000       .debug$S                   10000000     ucrtd:ucrtbased.dll
 0000:fffe0000       .debug$S                   10000000     ucrtd:ucrtbased.dll
 0000:fffe0000       .debug$S                   10000000     ucrtd:ucrtbased.dll
 0000:fffe0000       .debug$S                   10000000     ucrtd:ucrtbased.dll
 0000:fffe0000       .debug$S                   10000000     ucrtd:ucrtbased.dll
 0000:fffe0000       .debug$S                   10000000     ucrtd:ucrtbased.dll
 0000:fffe0000       .debug$S                   10000000     ucrtd:ucrtbased.dll
 0000:fffe0000       .debug$S                   10000000     ucrtd:ucrtbased.dll
 0000:fffe0000       .debug$S                   10000000     ucrtd:ucrtbased.dll
 0000:fffe0000       .debug$S                   10000000     ucrtd:ucrtbased.dll
 0000:fffe0000       .debug$S                   10000000     ucrtd:ucrtbased.dll
 0000:fffe0000       .debug$S                   10000000     ucrtd:ucrtbased.dll
 0000:fffe0000       .debug$S                   10000000     ucrtd:ucrtbased.dll
 0000:fffe0000       .debug$S                   10000000     ucrtd:ucrtbased.dll
 0000:fffe0000       .debug$S                   10000000     ucrtd:ucrtbased.dll
 0000:fffe0000       .debug$S                   10000000     ucrtd:ucrtbased.dll
 0000:fffe0000       .debug$S                   10000000     ucrtd:ucrtbased.dll
 0000:fffe0000       .debug$S                   10000000     ucrtd:ucrtbased.dll
 0000:fffe4000       __guard_fids___guard_icall_checks_enforced 10000000     MSVCRTD:guard_support.obj
 0000:fffe0000       .debug$S                   10000000     ucrtd:ucrtbased.dll
 0000:fffe0000       .debug$S                   10000000     ucrtd:ucrtbased.dll
 0000:fffe0000       .debug$S                   10000000     ucrtd:ucrtbased.dll
 0000:fffe0000       .debug$S                   10000000     ucrtd:ucrtbased.dll
 0000:fffe0000       .debug$S                   10000000     ucrtd:ucrtbased.dll
 0000:fffe0000       .debug$S                   10000000     ws2_32:WS2_32.dll
 0000:fffe0000       .debug$S                   10000000     vcruntimed:VCRUNTIME140D.dll
 0000:fffe0000       .debug$S                   10000000     vcruntimed:VCRUNTIME140D.dll
 0000:fffe0000       .debug$S                   10000000     vcruntimed:VCRUNTIME140D.dll
 0000:fffe0000       .debug$S                   10000000     vcruntimed:VCRUNTIME140D.dll
 0000:fffe0000       .debug$S                   10000000     vcruntimed:VCRUNTIME140D.dll
 0000:fffe0000       .debug$S                   10000000     vcruntimed:VCRUNTIME140D.dll
 0000:fffe0000       .debug$S                   10000000     vcruntimed:VCRUNTIME140D.dll
 0000:fffe0000       .debug$S                   10000000     ws2_32:WS2_32.dll
 0000:fffe0000       .debug$S                   10000000     ws2_32:WS2_32.dll
 0000:fffe0000       .debug$S                   10000000     ws2_32:WS2_32.dll
 0000:fffe0000       .debug$S                   10000000     ws2_32:WS2_32.dll
 0000:fffe0000       .debug$S                   10000000     ws2_32:WS2_32.dll
 0000:fffe0000       .debug$S                   10000000     ws2_32:WS2_32.dll
 0000:fffe0000       .debug$S                   10000000     ws2_32:WS2_32.dll
 0002:00000bd4       $LN26                      10011bd4     TransportDll.obj
 0002:00000bdc       $LN25                      10011bdc     TransportDll.obj
 0002:00000c18       $LN24                      10011c18     TransportDll.obj
 0002:00000c20       $LN23                      10011c20     TransportDll.obj
 0002:00000c28       $LN22                      10011c28     TransportDll.obj
 0002:00000c2e       $LN21                      10011c2e     TransportDll.obj
 0002:00000c35       $LN20                      10011c35     TransportDll.obj
 0002:00001360       ?dllmain_crt_dispatch@@YGHQAUHINSTANCE__@@KQAX@Z 10012360 f   MSVCRTD:dll_dllmain.obj
 0002:000013cc       $LN11                      100123cc     MSVCRTD:dll_dllmain.obj
 0002:00001400       ?dllmain_crt_process_attach@@YAHQAUHINSTANCE__@@QAX@Z 10012400 f   MSVCRTD:dll_dllmain.obj
 0002:000015d0       ?dllmain_crt_process_detach@@YAH_N@Z 100125d0 f   MSVCRTD:dll_dllmain.obj
 0002:000016e0       ?dllmain_dispatch@@YAHQAUHINSTANCE__@@KQAX@Z 100126e0 f   MSVCRTD:dll_dllmain.obj
 0002:000018d0       ?dllmain_raw@@YGHQAUHINSTANCE__@@KQAX@Z 100128d0 f   MSVCRTD:dll_dllmain.obj
 0002:00001970       ?DebuggerProbe@@YA_NK@Z    10012970 f   MSVCRTD:error.obj
 0002:000019c0       ?DebuggerRuntime@@YA_NKHPAXPB_W@Z 100129c0 f   MSVCRTD:error.obj
 0002:00001c90       ?_getMemBlockDataString@@YAXPAD0PBDI@Z 10012c90 f   MSVCRTD:error.obj
 0002:00001d20       ?_strlen_priv@@YAIPBD@Z    10012d20 f   MSVCRTD:error.obj
 0002:00001d40       ?failwithmessage@@YAXPAXHHPBD@Z 10012d40 f   MSVCRTD:error.obj
 0002:00001fc0       ?notify_debugger@@YAXABUtagEXCEPTION_VISUALCPP_DEBUG_INFO@@@Z 10012fc0 f   MSVCRTD:error.obj
 0002:000026b0       ___get_entropy             100136b0 f   MSVCRTD:gs_support.obj
 0002:00002920       ?find_pe_section@@YAPAU_IMAGE_SECTION_HEADER@@QAEI@Z 10013920 f   MSVCRTD:utility.obj
 0002:000029e0       ?is_potentially_valid_image_base@@YA_NQAX@Z 100139e0 f   MSVCRTD:utility.obj
 0002:000035f0       ?GetPdbDll@@YAPAUHINSTANCE__@@XZ 100145f0 f   MSVCRTD:pdblkup.obj
 0002:00003780       ?GetPdbDllFromInstallPath@@YAPAUHINSTANCE__@@XZ 10014780 f   MSVCRTD:pdblkup.obj
 0002:00003a70       ?GetPdbDllPathFromFilePath@@YAHPB_WPA_WI@Z 10014a70 f   MSVCRTD:pdblkup.obj
 0003:0000098c       ?_RTC_ErrorMessages@@3QBQBDB 1001798c     MSVCRTD:error.obj
 0003:000009a4       ?_RTC_NoFalsePositives@@3QBHB 100179a4     MSVCRTD:error.obj
 0003:000009bc       ?stack_premsg@@3QBDB       100179bc     MSVCRTD:error.obj
 0003:000009d8       ?stack_postmsg@@3QBDB      100179d8     MSVCRTD:error.obj
 0003:000009ec       ?uninit_premsg@@3QBDB      100179ec     MSVCRTD:error.obj
 0003:000009fc       ?uninit_postmsg@@3QBDB     100179fc     MSVCRTD:error.obj
 0003:00001048       ?_RTC_errlist@@3QBQBDB     10018048     MSVCRTD:userapi.obj
 0003:0000112c       _GS_ExceptionPointers      1001812c     MSVCRTD:gs_report.obj
 0003:00001138       ?mspdbName@@3QB_WB         10018138     MSVCRTD:pdblkup.obj
 0003:0000115c       ?debugCrtFileName@@3QB_WB  1001815c     MSVCRTD:pdblkup.obj
 0003:000012e8       ?dllExt@?1??GetPdbDllPathFromFilePath@@YAHPB_WPA_WI@Z@4QB_WB 100182e8     MSVCRTD:pdblkup.obj
 0003:000012f4       ?mspdbFilename@?1??GetPdbDllPathFromFilePath@@YAHPB_WPA_WI@Z@4QB_WB 100182f4     MSVCRTD:pdblkup.obj
 0003:000017e4       __RTC_InitBase.rtc$IMZ     100187e4     dllmain.obj
 0003:000017e8       __RTC_InitBase.rtc$IMZ     100187e8     TransportDll.obj
 0003:00001af8       __RTC_Shutdown.rtc$TMZ     10018af8     dllmain.obj
 0003:00001afc       __RTC_Shutdown.rtc$TMZ     10018afc     TransportDll.obj
 0003:00001d08       __sehtable$?dllmain_crt_process_attach@@YAHQAUHINSTANCE__@@QAX@Z 10018d08     MSVCRTD:dll_dllmain.obj
 0003:00001d28       __sehtable$?dllmain_crt_process_detach@@YAH_N@Z 10018d28     MSVCRTD:dll_dllmain.obj
 0003:00001d48       __sehtable$?dllmain_dispatch@@YAHQAUHINSTANCE__@@KQAX@Z 10018d48     MSVCRTD:dll_dllmain.obj
 0003:00001d68       __sehtable$?notify_debugger@@YAXABUtagEXCEPTION_VISUALCPP_DEBUG_INFO@@@Z 10018d68     MSVCRTD:error.obj
 0003:00001d88       __sehtable$___scrt_is_nonwritable_in_current_image 10018d88     MSVCRTD:utility.obj
 0003:00001ec0       .edata                     10018ec0     TransportDll.exp
 0003:00001ee8       rgpv                       10018ee8     TransportDll.exp
 0003:00001ef0       rgszName                   10018ef0     TransportDll.exp
 0003:00001ef8       rgwOrd                     10018ef8     TransportDll.exp
 0003:00001efc       szName                     10018efc     TransportDll.exp
 0003:00001f0d       $N00001                    10018f0d     TransportDll.exp
 0003:00001f1a       $N00002                    10018f1a     TransportDll.exp
 0004:00000161       ?init@?1??_RTC_InitBase@@9@4_NA 1001a161     MSVCRTD:init.obj
 0004:00000164       ?__proc_attached@@3HA      1001a164     MSVCRTD:dll_dllmain.obj
 0004:00000168       ?_RTC_ErrorReportFunc@@3P6AHHPBDH00ZZA 1001a168     MSVCRTD:userapi.obj
 0004:0000016c       ?_RTC_ErrorReportFuncW@@3P6AHHPB_WH00ZZA 1001a16c     MSVCRTD:userapi.obj
 0004:00000178       _GS_ExceptionRecord        1001a178     MSVCRTD:gs_report.obj
 0004:000001c8       _GS_ContextRecord          1001a1c8     MSVCRTD:gs_report.obj
 0004:0000055c       ?is_initialized_as_dll@@3_NA 1001a55c     MSVCRTD:utility.obj
 0004:0000055d       ?module_local_atexit_table_initialized@@3_NA 1001a55d     MSVCRTD:utility.obj
 0004:00000560       ?module_local_atexit_table@@3U_onexit_table_t@@A 1001a560     MSVCRTD:utility.obj
 0004:0000056c       ?module_local_at_quick_exit_table@@3U_onexit_table_t@@A 1001a56c     MSVCRTD:utility.obj
 0004:00000584       ?mspdb@@3PAUHINSTANCE__@@A 1001a584     MSVCRTD:pdblkup.obj
 0004:00000588       ?alreadyTried@?1??GetPdbDll@@YAPAUHINSTANCE__@@XZ@4_NA 1001a588     MSVCRTD:pdblkup.obj
 0004:00000589       ?PDBOK@?1??_RTC_GetSrcLine@@YAHPAEPA_WKPAH1K@Z@4_NA 1001a589     MSVCRTD:pdblkup.obj
 0005:00000442       .idata$6                   1001b442     ws2_32:WS2_32.dll
 0005:000004ea       .idata$6                   1001b4ea     vcruntimed:VCRUNTIME140D.dll
 0005:000006b0       .idata$6                   1001b6b0     ucrtd:ucrtbased.dll
 0005:00000894       .idata$6                   1001b894     kernel32:KERNEL32.dll
 0006:00000000       __7B7A869E_ctype@h         1001c000     dllmain.obj
 0006:00000001       __457DD326_basetsd@h       1001c001     dllmain.obj
 0006:00000002       __4384A2D9_corecrt_memcpy_s@h 1001c002     dllmain.obj
 0006:00000003       __2088847F_corecrt_memory@h 1001c003     dllmain.obj
 0006:00000004       __4E51A221_corecrt_wstring@h 1001c004     dllmain.obj
 0006:00000005       __2140C079_string@h        1001c005     dllmain.obj
 0006:00000006       __E9FFF232_guiddef@h       1001c006     dllmain.obj
 0006:00000007       __1887E595_winnt@h         1001c007     dllmain.obj
 0006:00000008       __9FC7C64B_processthreadsapi@h 1001c008     dllmain.obj
 0006:00000009       __FA470AEC_memoryapi@h     1001c009     dllmain.obj
 0006:0000000a       __F37DAFF1_winerror@h      1001c00a     dllmain.obj
 0006:0000000b       __7A450CCC_winbase@h       1001c00b     dllmain.obj
 0006:0000000c       __12AD47BB_winuser@h       1001c00c     dllmain.obj
 0006:0000000d       __86261D59_stralign@h      1001c00d     dllmain.obj
 0006:0000000e       __194286D1_winsock2@h      1001c00e     dllmain.obj
 0006:0000000f       __D940C302_ws2ipdef@h      1001c00f     dllmain.obj
 0006:00000010       __6E172A35_ws2tcpip@h      1001c010     dllmain.obj
 0006:00000011       __70138CCB_dllmain@cpp     1001c011     dllmain.obj
 0006:00000015       __517FE1BD_transportdll@pch 1001c015     stdafx.obj
 0006:00000016       __7B7A869E_ctype@h         1001c016     stdafx.obj
 0006:00000017       __457DD326_basetsd@h       1001c017     stdafx.obj
 0006:00000018       __4384A2D9_corecrt_memcpy_s@h 1001c018     stdafx.obj
 0006:00000019       __2088847F_corecrt_memory@h 1001c019     stdafx.obj
 0006:0000001a       __4E51A221_corecrt_wstring@h 1001c01a     stdafx.obj
 0006:0000001b       __2140C079_string@h        1001c01b     stdafx.obj
 0006:0000001c       __E9FFF232_guiddef@h       1001c01c     stdafx.obj
 0006:0000001d       __1887E595_winnt@h         1001c01d     stdafx.obj
 0006:0000001e       __9FC7C64B_processthreadsapi@h 1001c01e     stdafx.obj
 0006:0000001f       __FA470AEC_memoryapi@h     1001c01f     stdafx.obj
 0006:00000020       __F37DAFF1_winerror@h      1001c020     stdafx.obj
 0006:00000021       __7A450CCC_winbase@h       1001c021     stdafx.obj
 0006:00000022       __12AD47BB_winuser@h       1001c022     stdafx.obj
 0006:00000023       __86261D59_stralign@h      1001c023     stdafx.obj
 0006:00000024       __194286D1_winsock2@h      1001c024     stdafx.obj
 0006:00000025       __D940C302_ws2ipdef@h      1001c025     stdafx.obj
 0006:00000026       __6E172A35_ws2tcpip@h      1001c026     stdafx.obj
 0006:0000002a       __C90CCBAC_stdafx@h        1001c02a     TransportDll.obj
 0006:0000002b       __517FE1BD_transportdll@pch 1001c02b     TransportDll.obj
 0006:0000002c       __BB503C2B_transportdll@cpp 1001c02c     TransportDll.obj
 0006:0000002d       __331E732B_malloc@h        1001c02d     TransportDll.obj
 0006:0000002e       __A452D4A0_stdio@h         1001c02e     TransportDll.obj
 0006:0000002f       __05476D76_corecrt_wstdio@h 1001c02f     TransportDll.obj
 0006:00000030       __2CC6E67D_corecrt_stdio_config@h 1001c030     TransportDll.obj
 0008:00000170       $R000000                   1001e170     * linker generated manifest res *
